../Application/Display/Display.c:48:6:WriteMP3_PlayerAnimation	32	static
../Application/Display/Display.c:198:6:FixFigures	16	static
../Application/Display/Display.c:212:6:FixPixel	16	static
../Application/Display/Display.c:224:6:GetFixedPixel	24	static
../Application/Display/Display.c:240:6:WriteFixedFigures	16	static
../Application/Display/Display.c:255:6:RestartRound	16	static
../Application/Display/Display.c:275:6:WriteTetrisMode	40	static
../Application/Display/Display.c:432:6:WriteQueue	16	static
../Application/Display/Display.c:439:6:WriteScore	32	static
../Application/Display/Display.c:522:6:WriteAdditionalMode	56	static
../Application/Display/Display.c:854:6:WriteRouser	40	static
../Application/Display/Display.c:989:6:WriteTimer	48	static
../Application/Display/Display.c:1148:6:WriteTime	56	static
../Application/Display/Display.c:1170:6:WriteTimeSmallFourDigits	40	static
../Application/Display/Display.c:1294:6:WriteTimeBigFourDigits	40	static
../Application/Display/Display.c:1387:6:WriteTimeSmallSixDigitsTwoStrings	48	static
../Application/Display/Display.c:1483:6:WriteTimeSmallSixDigits	40	static
