../Application/App/Application.c:20:6:AppInit	8	static
../Application/App/Application.c:69:6:AppTask	16	static
../Application/App/Application.c:407:6:EnableDisableAutoBrightness	4	static
../Application/App/Application.c:425:6:ReturnToClockModeButton	8	static
../Application/App/Application.c:431:6:ClockShownDateButton	4	static
../Application/App/Application.c:442:6:ClockSayDateButton	8	static
../Application/App/Application.c:452:6:ChangeTetrisStartSpeed	4	static
../Application/App/Application.c:460:6:EnableDisabTetetrisMelody	8	static
../Application/App/Application.c:474:6:ChangeTetrisMelodyButton	8	static
../Application/App/Application.c:486:6:ShowLightSensorData	24	static
../Application/App/Application.c:500:6:LightSensorAverage	16	static
../Application/App/Application.c:524:6:CreateImage	16	static
../Application/App/Application.c:562:6:SetOrintation	4	static
../Application/App/Application.c:622:6:RouserChangeAlarmTypeButton	8	static
../Application/App/Application.c:636:6:AlarmTimerDisableButton	8	static
../Application/App/Application.c:661:6:SayTimeButton	8	static
../Application/App/Application.c:666:6:SetClockTimeButton	8	static
../Application/App/Application.c:680:6:CountDownButton	16	static
../Application/App/Application.c:705:6:MP3_PlayNextTrack	16	static
../Application/App/Application.c:716:6:MP3_PlayPrevTrack	8	static
../Application/App/Application.c:727:6:ChangeMP3_PlayerAnimationButton	4	static
../Application/App/Application.c:736:6:IncreaseBrightness	4	static
../Application/App/Application.c:744:6:DecreaseBrightness	4	static
../Application/App/Application.c:752:6:IncreaseVolume	4	static
../Application/App/Application.c:760:6:DecreaseVolume	4	static
../Application/App/Application.c:768:6:EnterAditionalMode	4	static
../Application/App/Application.c:790:6:ChangeMode	24	static
../Application/App/Application.c:831:6:TimerOffButton	8	static
../Application/App/Application.c:840:6:TimerOnButton	8	static
../Application/App/Application.c:867:6:IncreaseHoursButton	4	static
../Application/App/Application.c:900:6:IncreaseMinutesButton	4	static
../Application/App/Application.c:933:6:RouserAlarmOffButton	4	static
../Application/App/Application.c:941:6:RouserAlarmOnButton	8	static
../Application/App/Application.c:976:6:ChangeModeButton	8	static
../Application/App/Application.c:990:6:AnimationButton	4	static
../Application/App/Application.c:1014:6:BorderButton	4	static
../Application/App/Application.c:1044:6:ClockChangeStyleButton	4	static
../Application/App/Application.c:1053:6:ChangeFontButton	4	static
../Application/App/Application.c:1107:6:UpdateTime	8	static
../Application/App/Application.c:1116:10:Random	24	static
