../Application/RTC_DS3231/RTC_DS3231_Driver.c:12:6:DS3231_Collect_data	16	static
../Application/RTC_DS3231/RTC_DS3231_Driver.c:37:6:DS3231_Init	16	static
../Application/RTC_DS3231/RTC_DS3231_Driver.c:51:6:DS3231_SetRegByte	32	static
../Application/RTC_DS3231/RTC_DS3231_Driver.c:61:9:DS3231_GetRegByte	32	static
../Application/RTC_DS3231/RTC_DS3231_Driver.c:72:6:DS3231_EnableBatterySquareWave	24	static
../Application/RTC_DS3231/RTC_DS3231_Driver.c:81:6:DS3231_SetInterruptMode	24	static
../Application/RTC_DS3231/RTC_DS3231_Driver.c:90:6:DS3231_SetRateSelect	24	static
../Application/RTC_DS3231/RTC_DS3231_Driver.c:99:6:DS3231_EnableOscillator	24	static
../Application/RTC_DS3231/RTC_DS3231_Driver.c:108:6:DS3231_EnableAlarm2	24	static
../Application/RTC_DS3231/RTC_DS3231_Driver.c:117:6:DS3231_ClearAlarm2Flag	16	static
../Application/RTC_DS3231/RTC_DS3231_Driver.c:126:6:DS3231_SetAlarm2Minute	24	static
../Application/RTC_DS3231/RTC_DS3231_Driver.c:136:6:DS3231_SetAlarm2Hour	24	static
../Application/RTC_DS3231/RTC_DS3231_Driver.c:146:6:DS3231_SetAlarm2Date	24	static
../Application/RTC_DS3231/RTC_DS3231_Driver.c:156:6:DS3231_SetAlarm2Day	24	static
../Application/RTC_DS3231/RTC_DS3231_Driver.c:166:6:DS3231_SetAlarm2Mode	24	static
../Application/RTC_DS3231/RTC_DS3231_Driver.c:180:6:DS3231_EnableAlarm1	24	static
../Application/RTC_DS3231/RTC_DS3231_Driver.c:189:6:DS3231_ClearAlarm1Flag	16	static
../Application/RTC_DS3231/RTC_DS3231_Driver.c:198:6:DS3231_SetAlarm1Second	24	static
../Application/RTC_DS3231/RTC_DS3231_Driver.c:208:6:DS3231_SetAlarm1Minute	24	static
../Application/RTC_DS3231/RTC_DS3231_Driver.c:218:6:DS3231_SetAlarm1Hour	24	static
../Application/RTC_DS3231/RTC_DS3231_Driver.c:228:6:DS3231_SetAlarm1Date	24	static
../Application/RTC_DS3231/RTC_DS3231_Driver.c:238:6:DS3231_SetAlarm1Day	24	static
../Application/RTC_DS3231/RTC_DS3231_Driver.c:248:6:DS3231_SetAlarm1Mode	24	static
../Application/RTC_DS3231/RTC_DS3231_Driver.c:264:9:DS3231_IsOscillatorStopped	8	static
../Application/RTC_DS3231/RTC_DS3231_Driver.c:272:9:DS3231_Is32kHzEnabled	8	static
../Application/RTC_DS3231/RTC_DS3231_Driver.c:280:9:DS3231_IsAlarm1Triggered	8	static
../Application/RTC_DS3231/RTC_DS3231_Driver.c:288:9:DS3231_IsAlarm2Triggered	8	static
../Application/RTC_DS3231/RTC_DS3231_Driver.c:296:9:DS3231_GetDayOfWeek	8	static
../Application/RTC_DS3231/RTC_DS3231_Driver.c:304:9:DS3231_GetDate	8	static
../Application/RTC_DS3231/RTC_DS3231_Driver.c:312:9:DS3231_GetMonth	8	static
../Application/RTC_DS3231/RTC_DS3231_Driver.c:320:10:DS3231_GetYear	16	static
../Application/RTC_DS3231/RTC_DS3231_Driver.c:330:9:DS3231_GetHour	8	static
../Application/RTC_DS3231/RTC_DS3231_Driver.c:338:9:DS3231_GetMinute	8	static
../Application/RTC_DS3231/RTC_DS3231_Driver.c:346:9:DS3231_GetSecond	8	static
../Application/RTC_DS3231/RTC_DS3231_Driver.c:354:6:DS3231_SetDayOfWeek	16	static
../Application/RTC_DS3231/RTC_DS3231_Driver.c:362:6:DS3231_SetDate	16	static
../Application/RTC_DS3231/RTC_DS3231_Driver.c:370:6:DS3231_SetMonth	24	static
../Application/RTC_DS3231/RTC_DS3231_Driver.c:379:6:DS3231_SetYear	24	static
../Application/RTC_DS3231/RTC_DS3231_Driver.c:390:6:DS3231_SetHour	16	static
../Application/RTC_DS3231/RTC_DS3231_Driver.c:398:6:DS3231_SetMinute	16	static
../Application/RTC_DS3231/RTC_DS3231_Driver.c:406:6:DS3231_SetSecond	16	static
../Application/RTC_DS3231/RTC_DS3231_Driver.c:416:6:DS3231_SetFullTime	16	static
../Application/RTC_DS3231/RTC_DS3231_Driver.c:429:6:DS3231_SetFullDate	24	static
../Application/RTC_DS3231/RTC_DS3231_Driver.c:441:9:DS3231_DecodeBCD	16	static
../Application/RTC_DS3231/RTC_DS3231_Driver.c:450:9:DS3231_EncodeBCD	16	static
../Application/RTC_DS3231/RTC_DS3231_Driver.c:458:6:DS3231_Enable32kHzOutput	24	static
../Application/RTC_DS3231/RTC_DS3231_Driver.c:467:8:DS3231_GetTemperatureInteger	8	static
../Application/RTC_DS3231/RTC_DS3231_Driver.c:475:9:DS3231_GetTemperatureFraction	8	static
