Archive member included to satisfy reference by file (symbol)

C:/Program Files/STM32CubeIDE_1.15.0/STM32CubeIDE/plugins/com.st.stm32cube.ide.mcu.externaltools.gnu-tools-for-stm32.12.3.rel1.win32_1.0.100.202403111256/tools/bin/../lib/gcc/arm-none-eabi/12.3.1/../../../../arm-none-eabi/lib/thumb/v7-m/nofp\libc_nano.a(libc_a-exit.o)
                              C:/Program Files/STM32CubeIDE_1.15.0/STM32CubeIDE/plugins/com.st.stm32cube.ide.mcu.externaltools.gnu-tools-for-stm32.12.3.rel1.win32_1.0.100.202403111256/tools/bin/../lib/gcc/arm-none-eabi/12.3.1/../../../../arm-none-eabi/lib/thumb/v7-m/nofp/crt0.o (exit)
C:/Program Files/STM32CubeIDE_1.15.0/STM32CubeIDE/plugins/com.st.stm32cube.ide.mcu.externaltools.gnu-tools-for-stm32.12.3.rel1.win32_1.0.100.202403111256/tools/bin/../lib/gcc/arm-none-eabi/12.3.1/../../../../arm-none-eabi/lib/thumb/v7-m/nofp\libc_nano.a(libc_a-rand.o)
                              ./Application/App/Application.o (srand)
C:/Program Files/STM32CubeIDE_1.15.0/STM32CubeIDE/plugins/com.st.stm32cube.ide.mcu.externaltools.gnu-tools-for-stm32.12.3.rel1.win32_1.0.100.202403111256/tools/bin/../lib/gcc/arm-none-eabi/12.3.1/../../../../arm-none-eabi/lib/thumb/v7-m/nofp\libc_nano.a(libc_a-findfp.o)
                              C:/Program Files/STM32CubeIDE_1.15.0/STM32CubeIDE/plugins/com.st.stm32cube.ide.mcu.externaltools.gnu-tools-for-stm32.12.3.rel1.win32_1.0.100.202403111256/tools/bin/../lib/gcc/arm-none-eabi/12.3.1/../../../../arm-none-eabi/lib/thumb/v7-m/nofp\libc_nano.a(libc_a-exit.o) (__stdio_exit_handler)
C:/Program Files/STM32CubeIDE_1.15.0/STM32CubeIDE/plugins/com.st.stm32cube.ide.mcu.externaltools.gnu-tools-for-stm32.12.3.rel1.win32_1.0.100.202403111256/tools/bin/../lib/gcc/arm-none-eabi/12.3.1/../../../../arm-none-eabi/lib/thumb/v7-m/nofp\libc_nano.a(libc_a-fwalk.o)
                              C:/Program Files/STM32CubeIDE_1.15.0/STM32CubeIDE/plugins/com.st.stm32cube.ide.mcu.externaltools.gnu-tools-for-stm32.12.3.rel1.win32_1.0.100.202403111256/tools/bin/../lib/gcc/arm-none-eabi/12.3.1/../../../../arm-none-eabi/lib/thumb/v7-m/nofp\libc_nano.a(libc_a-findfp.o) (_fwalk_sglue)
C:/Program Files/STM32CubeIDE_1.15.0/STM32CubeIDE/plugins/com.st.stm32cube.ide.mcu.externaltools.gnu-tools-for-stm32.12.3.rel1.win32_1.0.100.202403111256/tools/bin/../lib/gcc/arm-none-eabi/12.3.1/../../../../arm-none-eabi/lib/thumb/v7-m/nofp\libc_nano.a(libc_a-stdio.o)
                              C:/Program Files/STM32CubeIDE_1.15.0/STM32CubeIDE/plugins/com.st.stm32cube.ide.mcu.externaltools.gnu-tools-for-stm32.12.3.rel1.win32_1.0.100.202403111256/tools/bin/../lib/gcc/arm-none-eabi/12.3.1/../../../../arm-none-eabi/lib/thumb/v7-m/nofp\libc_nano.a(libc_a-findfp.o) (__sread)
C:/Program Files/STM32CubeIDE_1.15.0/STM32CubeIDE/plugins/com.st.stm32cube.ide.mcu.externaltools.gnu-tools-for-stm32.12.3.rel1.win32_1.0.100.202403111256/tools/bin/../lib/gcc/arm-none-eabi/12.3.1/../../../../arm-none-eabi/lib/thumb/v7-m/nofp\libc_nano.a(libc_a-memset.o)
                              C:/Program Files/STM32CubeIDE_1.15.0/STM32CubeIDE/plugins/com.st.stm32cube.ide.mcu.externaltools.gnu-tools-for-stm32.12.3.rel1.win32_1.0.100.202403111256/tools/bin/../lib/gcc/arm-none-eabi/12.3.1/../../../../arm-none-eabi/lib/thumb/v7-m/nofp/crt0.o (memset)
C:/Program Files/STM32CubeIDE_1.15.0/STM32CubeIDE/plugins/com.st.stm32cube.ide.mcu.externaltools.gnu-tools-for-stm32.12.3.rel1.win32_1.0.100.202403111256/tools/bin/../lib/gcc/arm-none-eabi/12.3.1/../../../../arm-none-eabi/lib/thumb/v7-m/nofp\libc_nano.a(libc_a-closer.o)
                              C:/Program Files/STM32CubeIDE_1.15.0/STM32CubeIDE/plugins/com.st.stm32cube.ide.mcu.externaltools.gnu-tools-for-stm32.12.3.rel1.win32_1.0.100.202403111256/tools/bin/../lib/gcc/arm-none-eabi/12.3.1/../../../../arm-none-eabi/lib/thumb/v7-m/nofp\libc_nano.a(libc_a-stdio.o) (_close_r)
C:/Program Files/STM32CubeIDE_1.15.0/STM32CubeIDE/plugins/com.st.stm32cube.ide.mcu.externaltools.gnu-tools-for-stm32.12.3.rel1.win32_1.0.100.202403111256/tools/bin/../lib/gcc/arm-none-eabi/12.3.1/../../../../arm-none-eabi/lib/thumb/v7-m/nofp\libc_nano.a(libc_a-reent.o)
                              C:/Program Files/STM32CubeIDE_1.15.0/STM32CubeIDE/plugins/com.st.stm32cube.ide.mcu.externaltools.gnu-tools-for-stm32.12.3.rel1.win32_1.0.100.202403111256/tools/bin/../lib/gcc/arm-none-eabi/12.3.1/../../../../arm-none-eabi/lib/thumb/v7-m/nofp\libc_nano.a(libc_a-closer.o) (errno)
C:/Program Files/STM32CubeIDE_1.15.0/STM32CubeIDE/plugins/com.st.stm32cube.ide.mcu.externaltools.gnu-tools-for-stm32.12.3.rel1.win32_1.0.100.202403111256/tools/bin/../lib/gcc/arm-none-eabi/12.3.1/../../../../arm-none-eabi/lib/thumb/v7-m/nofp\libc_nano.a(libc_a-impure.o)
[...]
Memory Configuration

Name             Origin             Length             Attributes
RAM              0x20000000         0x00005000         xrw
FLASH            0x08000000         0x00010000         xr
*default*        0x00000000         0xffffffff

Linker script and memory map

LOAD C:/Program Files/STM32CubeIDE_1.15.0/STM32CubeIDE/plugins/com.st.stm32cube.ide.mcu.externaltools.gnu-tools-for-stm32.12.3.rel1.win32_1.0.100.202403111256/tools/bin/../lib/gcc/arm-none-eabi/12.3.1/thumb/v7-m/nofp/crti.o
LOAD C:/Program Files/STM32CubeIDE_1.15.0/STM32CubeIDE/plugins/com.st.stm32cube.ide.mcu.externaltools.gnu-tools-for-stm32.12.3.rel1.win32_1.0.100.202403111256/tools/bin/../lib/gcc/arm-none-eabi/12.3.1/thumb/v7-m/nofp/crtbegin.o
LOAD C:/Program Files/STM32CubeIDE_1.15.0/STM32CubeIDE/plugins/com.st.stm32cube.ide.mcu.externaltools.gnu-tools-for-stm32.12.3.rel1.win32_1.0.100.202403111256/tools/bin/../lib/gcc/arm-none-eabi/12.3.1/../../../../arm-none-eabi/lib/thumb/v7-m/nofp/crt0.o
LOAD ./Application/App/Application.o
LOAD ./Application/Buttons/Buttons.o
LOAD ./Application/Display/Display.o
LOAD ./Application/MAX_7219_Driver/MAX_7219.o
LOAD ./Application/MP3_Player_TD5580/MP3_Player.o
LOAD ./Application/MPU6050_Driver/mpu6050.o
LOAD ./Application/RTC_DS3231/RTC_DS3231_Driver.o
LOAD ./Application/Tetris/Tetris.o
LOAD ./Core/Src/main.o
LOAD ./Core/Src/stm32f1xx_hal_msp.o
LOAD ./Core/Src/stm32f1xx_it.o
LOAD ./Core/Src/syscalls.o
LOAD ./Core/Src/sysmem.o
LOAD ./Core/Src/system_stm32f1xx.o
LOAD ./Core/Startup/startup_stm32f103c8tx.o
LOAD ./Drivers/STM32F1xx_HAL_Driver/Src/stm32f1xx_hal.o
LOAD ./Drivers/STM32F1xx_HAL_Driver/Src/stm32f1xx_hal_adc.o
LOAD ./Drivers/STM32F1xx_HAL_Driver/Src/stm32f1xx_hal_adc_ex.o
LOAD ./Drivers/STM32F1xx_HAL_Driver/Src/stm32f1xx_hal_cortex.o
LOAD ./Drivers/STM32F1xx_HAL_Driver/Src/stm32f1xx_hal_dma.o
LOAD ./Drivers/STM32F1xx_HAL_Driver/Src/stm32f1xx_hal_exti.o
LOAD ./Drivers/STM32F1xx_HAL_Driver/Src/stm32f1xx_hal_flash.o
LOAD ./Drivers/STM32F1xx_HAL_Driver/Src/stm32f1xx_hal_flash_ex.o
LOAD ./Drivers/STM32F1xx_HAL_Driver/Src/stm32f1xx_hal_gpio.o
LOAD ./Drivers/STM32F1xx_HAL_Driver/Src/stm32f1xx_hal_gpio_ex.o
LOAD ./Drivers/STM32F1xx_HAL_Driver/Src/stm32f1xx_hal_i2c.o
LOAD ./Drivers/STM32F1xx_HAL_Driver/Src/stm32f1xx_hal_pwr.o
LOAD ./Drivers/STM32F1xx_HAL_Driver/Src/stm32f1xx_hal_rcc.o
LOAD ./Drivers/STM32F1xx_HAL_Driver/Src/stm32f1xx_hal_rcc_ex.o
LOAD ./Drivers/STM32F1xx_HAL_Driver/Src/stm32f1xx_hal_spi.o
LOAD ./Drivers/STM32F1xx_HAL_Driver/Src/stm32f1xx_hal_tim.o
LOAD ./Drivers/STM32F1xx_HAL_Driver/Src/stm32f1xx_hal_tim_ex.o
LOAD ./Drivers/STM32F1xx_HAL_Driver/Src/stm32f1xx_hal_uart.o
LOAD ./System/SPI/SPI.o
LOAD ./System/UART/UART.o
START GROUP
LOAD C:/Program Files/STM32CubeIDE_1.15.0/STM32CubeIDE/plugins/com.st.stm32cube.ide.mcu.externaltools.gnu-tools-for-stm32.12.3.rel1.win32_1.0.100.202403111256/tools/bin/../lib/gcc/arm-none-eabi/12.3.1/../../../../arm-none-eabi/lib/thumb/v7-m/nofp\libc_nano.a
LOAD C:/Program Files/STM32CubeIDE_1.15.0/STM32CubeIDE/plugins/com.st.stm32cube.ide.mcu.externaltools.gnu-tools-for-stm32.12.3.rel1.win32_1.0.100.202403111256/tools/bin/../lib/gcc/arm-none-eabi/12.3.1/../../../../arm-none-eabi/lib/thumb/v7-m/nofp\libm.a
END GROUP
START GROUP
LOAD C:/Program Files/STM32CubeIDE_1.15.0/STM32CubeIDE/plugins/com.st.stm32cube.ide.mcu.externaltools.gnu-tools-for-stm32.12.3.rel1.win32_1.0.100.202403111256/tools/bin/../lib/gcc/arm-none-eabi/12.3.1/thumb/v7-m/nofp\libgcc.a
LOAD C:/Program Files/STM32CubeIDE_1.15.0/STM32CubeIDE/plugins/com.st.stm32cube.ide.mcu.externaltools.gnu-tools-for-stm32.12.3.rel1.win32_1.0.100.202403111256/tools/bin/../lib/gcc/arm-none-eabi/12.3.1/../../../../arm-none-eabi/lib/thumb/v7-m/nofp\libc_nano.a
END GROUP
START GROUP
LOAD C:/Program Files/STM32CubeIDE_1.15.0/STM32CubeIDE/plugins/com.st.stm32cube.ide.mcu.externaltools.gnu-tools-for-stm32.12.3.rel1.win32_1.0.100.202403111256/tools/bin/../lib/gcc/arm-none-eabi/12.3.1/thumb/v7-m/nofp\libgcc.a
LOAD C:/Program Files/STM32CubeIDE_1.15.0/STM32CubeIDE/plugins/com.st.stm32cube.ide.mcu.externaltools.gnu-tools-for-stm32.12.3.rel1.win32_1.0.100.202403111256/tools/bin/../lib/gcc/arm-none-eabi/12.3.1/../../../../arm-none-eabi/lib/thumb/v7-m/nofp\libc_nano.a
LOAD C:/Program Files/STM32CubeIDE_1.15.0/STM32CubeIDE/plugins/com.st.stm32cube.ide.mcu.externaltools.gnu-tools-for-stm32.12.3.rel1.win32_1.0.100.202403111256/tools/bin/../lib/gcc/arm-none-eabi/12.3.1/../../../../arm-none-eabi/lib/thumb/v7-m/nofp\libnosys.a
END GROUP
START GROUP
LOAD C:/Program Files/STM32CubeIDE_1.15.0/STM32CubeIDE/plugins/com.st.stm32cube.ide.mcu.externaltools.gnu-tools-for-stm32.12.3.rel1.win32_1.0.100.202403111256/tools/bin/../lib/gcc/arm-none-eabi/12.3.1/thumb/v7-m/nofp\libgcc.a
LOAD C:/Program Files/STM32CubeIDE_1.15.0/STM32CubeIDE/plugins/com.st.stm32cube.ide.mcu.externaltools.gnu-tools-for-stm32.12.3.rel1.win32_1.0.100.202403111256/tools/bin/../lib/gcc/arm-none-eabi/12.3.1/../../../../arm-none-eabi/lib/thumb/v7-m/nofp\libc_nano.a
LOAD C:/Program Files/STM32CubeIDE_1.15.0/STM32CubeIDE/plugins/com.st.stm32cube.ide.mcu.externaltools.gnu-tools-for-stm32.12.3.rel1.win32_1.0.100.202403111256/tools/bin/../lib/gcc/arm-none-eabi/12.3.1/../../../../arm-none-eabi/lib/thumb/v7-m/nofp\libnosys.a
END GROUP
LOAD C:/Program Files/STM32CubeIDE_1.15.0/STM32CubeIDE/plugins/com.st.stm32cube.ide.mcu.externaltools.gnu-tools-for-stm32.12.3.rel1.win32_1.0.100.202403111256/tools/bin/../lib/gcc/arm-none-eabi/12.3.1/thumb/v7-m/nofp/crtend.o
LOAD C:/Program Files/STM32CubeIDE_1.15.0/STM32CubeIDE/plugins/com.st.stm32cube.ide.mcu.externaltools.gnu-tools-for-stm32.12.3.rel1.win32_1.0.100.202403111256/tools/bin/../lib/gcc/arm-none-eabi/12.3.1/thumb/v7-m/nofp/crtn.o
                0x20005000                        _estack = (ORIGIN (RAM) + LENGTH (RAM))
                0x00000200                        _Min_Heap_Size = 0x200
                0x00000400                        _Min_Stack_Size = 0x400

.isr_vector     0x08000000      0x10c
                0x08000000                        . = ALIGN (0x4)
 *(.isr_vector)
 .isr_vector    0x08000000      0x10c ./Core/Startup/startup_stm32f103c8tx.o
                0x08000000                g_pfnVectors
                0x0800010c                        . = ALIGN (0x4)

.text           0x08000110     0xe06c
                0x08000110                        . = ALIGN (0x4)
 *(.text)
 .text          0x08000110       0x40 C:/Program Files/STM32CubeIDE_1.15.0/STM32CubeIDE/plugins/com.st.stm32cube.ide.mcu.externaltools.gnu-tools-for-stm32.12.3.rel1.win32_1.0.100.202403111256/tools/bin/../lib/gcc/arm-none-eabi/12.3.1/thumb/v7-m/nofp/crtbegin.o
 .text          0x08000150      0x378 C:/Program Files/STM32CubeIDE_1.15.0/STM32CubeIDE/plugins/com.st.stm32cube.ide.mcu.externaltools.gnu-tools-for-stm32.12.3.rel1.win32_1.0.100.202403111256/tools/bin/../lib/gcc/arm-none-eabi/12.3.1/thumb/v7-m/nofp\libgcc.a(_arm_addsubdf3.o)
                0x08000150                __aeabi_drsub
                0x08000158                __aeabi_dsub
                0x08000158                __subdf3
                0x0800015c                __aeabi_dadd
                0x0800015c                __adddf3
                0x080003d4                __floatunsidf
                0x080003d4                __aeabi_ui2d
                0x080003f4                __floatsidf
                0x080003f4                __aeabi_i2d
                0x08000418                __aeabi_f2d
                0x08000418                __extendsfdf2
                0x0800045c                __floatundidf
                0x0800045c                __aeabi_ul2d
                0x0800046c                __floatdidf
                0x0800046c                __aeabi_l2d
 .text          0x080004c8      0x424 C:/Program Files/STM32CubeIDE_1.15.0/STM32CubeIDE/plugins/com.st.stm32cube.ide.mcu.externaltools.gnu-tools-for-stm32.12.3.rel1.win32_1.0.100.202403111256/tools/bin/../lib/gcc/arm-none-eabi/12.3.1/thumb/v7-m/nofp\libgcc.a(_arm_muldivdf3.o)
                0x080004c8                __aeabi_dmul
                0x080004c8                __muldf3
                0x0800071c                __divdf3
                0x0800071c                __aeabi_ddiv
 .text          0x080008ec      0x110 C:/Program Files/STM32CubeIDE_1.15.0/STM32CubeIDE/plugins/com.st.stm32cube.ide.mcu.externaltools.gnu-tools-for-stm32.12.3.rel1.win32_1.0.100.202403111256/tools/bin/../lib/gcc/arm-none-eabi/12.3.1/thumb/v7-m/nofp\libgcc.a(_arm_cmpdf2.o)
                0x080008ec                __gtdf2
                0x080008ec                __gedf2
                0x080008f4                __ltdf2
                0x080008f4                __ledf2
                0x080008fc                __nedf2
                0x080008fc                __eqdf2
                0x080008fc                __cmpdf2
                0x08000978                __aeabi_cdrcmple
                0x08000988                __aeabi_cdcmpeq
                0x08000988                __aeabi_cdcmple
                0x08000998                __aeabi_dcmpeq
                0x080009ac                __aeabi_dcmplt
                0x080009c0                __aeabi_dcmple
                0x080009d4                __aeabi_dcmpge
                0x080009e8                __aeabi_dcmpgt
 .text          0x080009fc       0x2c C:/Program Files/STM32CubeIDE_1.15.0/STM32CubeIDE/plugins/com.st.stm32cube.ide.mcu.externaltools.gnu-tools-for-stm32.12.3.rel1.win32_1.0.100.202403111256/tools/bin/../lib/gcc/arm-none-eabi/12.3.1/thumb/v7-m/nofp\libgcc.a(_arm_unorddf2.o)
                0x080009fc                __unorddf2
                0x080009fc                __aeabi_dcmpun
 .text          0x08000a28      0x21c C:/Program Files/STM32CubeIDE_1.15.0/STM32CubeIDE/plugins/com.st.stm32cube.ide.mcu.externaltools.gnu-tools-for-stm32.12.3.rel1.win32_1.0.100.202403111256/tools/bin/../lib/gcc/arm-none-eabi/12.3.1/thumb/v7-m/nofp\libgcc.a(_arm_addsubsf3.o)
                0x08000a28                __aeabi_frsub
                0x08000a30                __subsf3
                0x08000a30                __aeabi_fsub
                0x08000a34                __aeabi_fadd
                0x08000a34                __addsf3
                0x08000b94                __aeabi_ui2f
                0x08000b94                __floatunsisf
                0x08000b9c                __aeabi_i2f
                0x08000b9c                __floatsisf
                0x08000bb8                __aeabi_ul2f
                0x08000bb8                __floatundisf
                0x08000bc8                __aeabi_l2f
                0x08000bc8                __floatdisf
 .text          0x08000c44      0x2a0 C:/Program Files/STM32CubeIDE_1.15.0/STM32CubeIDE/plugins/com.st.stm32cube.ide.mcu.externaltools.gnu-tools-for-stm32.12.3.rel1.win32_1.0.100.202403111256/tools/bin/../lib/gcc/arm-none-eabi/12.3.1/thumb/v7-m/nofp\libgcc.a(_arm_muldivsf3.o)
                0x08000c44                __mulsf3
                0x08000c44                __aeabi_fmul
                0x08000dac                __aeabi_fdiv
                0x08000dac                __divsf3
 *(.text*)
 .text.AppInit  0x08000ee4      0x114 ./Application/App/Application.o
                0x08000ee4                AppInit
 .text.AppTask  0x08000ff8      0x62c ./Application/App/Application.o
                0x08000ff8                AppTask
 .text.EnableDisableAutoBrightness
                0x08001624       0x50 ./Application/App/Application.o
                0x08001624                EnableDisableAutoBrightness
 .text.ReturnToClockModeButton
                0x08001674       0x18 ./Application/App/Application.o
                0x08001674                ReturnToClockModeButton
 .text.ClockShownDateButton
                0x0800168c       0x34 ./Application/App/Application.o
                0x0800168c                ClockShownDateButton
 .text.ClockSayDateButton
                0x080016c0       0x44 ./Application/App/Application.o
                0x080016c0                ClockSayDateButton
 .text.ChangeTetrisStartSpeed
                0x08001704       0x34 ./Application/App/Application.o
                0x08001704                ChangeTetrisStartSpeed
 .text.EnableDisabTetetrisMelody
                0x08001738       0x3c ./Application/App/Application.o
                0x08001738                EnableDisabTetetrisMelody
 .text.ChangeTetrisMelodyButton
                0x08001774       0x4c ./Application/App/Application.o
                0x08001774                ChangeTetrisMelodyButton
 .text.LightSensorAverage
                0x080017c0       0x98 ./Application/App/Application.o
                0x080017c0                LightSensorAverage
 .text.CreateImage
                0x08001858       0xcc ./Application/App/Application.o
                0x08001858                CreateImage
 .text.SetOrintation
                0x08001924      0x1f4 ./Application/App/Application.o
                0x08001924                SetOrintation
 .text.RouserChangeAlarmTypeButton
                0x08001b18       0x2c ./Application/App/Application.o
                0x08001b18                RouserChangeAlarmTypeButton
 .text.AlarmTimerDisableButton
                0x08001b44       0x54 ./Application/App/Application.o
                0x08001b44                AlarmTimerDisableButton
 .text.SayTimeButton
                0x08001b98        0xc ./Application/App/Application.o
                0x08001b98                SayTimeButton
 .text.SetClockTimeButton
                0x08001ba4       0x4c ./Application/App/Application.o
                0x08001ba4                SetClockTimeButton
 .text.CountDownButton
                0x08001bf0       0x78 ./Application/App/Application.o
                0x08001bf0                CountDownButton
 .text.MP3_PlayNextTrack
                0x08001c68       0x3c ./Application/App/Application.o
                0x08001c68                MP3_PlayNextTrack
 .text.MP3_PlayPrevTrack
                0x08001ca4       0x30 ./Application/App/Application.o
                0x08001ca4                MP3_PlayPrevTrack
 .text.ChangeMP3_PlayerAnimationButton
                0x08001cd4       0x34 ./Application/App/Application.o
                0x08001cd4                ChangeMP3_PlayerAnimationButton
 .text.IncreaseBrightness
                0x08001d08       0x2c ./Application/App/Application.o
                0x08001d08                IncreaseBrightness
 .text.DecreaseBrightness
                0x08001d34       0x2c ./Application/App/Application.o
                0x08001d34                DecreaseBrightness
 .text.IncreaseVolume
                0x08001d60       0x2c ./Application/App/Application.o
                0x08001d60                IncreaseVolume
 .text.DecreaseVolume
                0x08001d8c       0x2c ./Application/App/Application.o
                0x08001d8c                DecreaseVolume
 .text.EnterAditionalMode
                0x08001db8       0x60 ./Application/App/Application.o
                0x08001db8                EnterAditionalMode
 .text.ChangeMode
                0x08001e18       0x90 ./Application/App/Application.o
                0x08001e18                ChangeMode
 .text.TimerOffButton
                0x08001ea8       0x20 ./Application/App/Application.o
                0x08001ea8                TimerOffButton
 .text.TimerOnButton
                0x08001ec8       0xb8 ./Application/App/Application.o
                0x08001ec8                TimerOnButton
 .text.IncreaseHoursButton
                0x08001f80       0x68 ./Application/App/Application.o
                0x08001f80                IncreaseHoursButton
 .text.IncreaseMinutesButton
                0x08001fe8       0x68 ./Application/App/Application.o
                0x08001fe8                IncreaseMinutesButton
 .text.RouserAlarmOffButton
                0x08002050       0x20 ./Application/App/Application.o
                0x08002050                RouserAlarmOffButton
 .text.RouserAlarmOnButton
                0x08002070       0xbc ./Application/App/Application.o
                0x08002070                RouserAlarmOnButton
 .text.ChangeModeButton
                0x0800212c       0x34 ./Application/App/Application.o
                0x0800212c                ChangeModeButton
 .text.AnimationButton
                0x08002160       0x58 ./Application/App/Application.o
                0x08002160                AnimationButton
 .text.BorderButton
                0x080021b8       0x7c ./Application/App/Application.o
                0x080021b8                BorderButton
 .text.ClockChangeStyleButton
                0x08002234       0x2c ./Application/App/Application.o
                0x08002234                ClockChangeStyleButton
 .text.ChangeFontButton
                0x08002260       0x9c ./Application/App/Application.o
                0x08002260                ChangeFontButton
 .text.UpdateTime
                0x080022fc       0x30 ./Application/App/Application.o
                0x080022fc                UpdateTime
 .text.Random   0x0800232c       0x5a ./Application/App/Application.o
                0x0800232c                Random
 *fill*         0x08002386        0x2 
 .text.ButtonsTask
                0x08002388      0x180 ./Application/Buttons/Buttons.o
                0x08002388                ButtonsTask
 .text.ProcessButtons
                0x08002508      0x4e0 ./Application/Buttons/Buttons.o
                0x08002508                ProcessButtons
 .text.ReadButtons
                0x080029e8      0x228 ./Application/Buttons/Buttons.o
                0x080029e8                ReadButtons
 .text.ProcessJoestick
                0x08002c10       0x70 ./Application/Buttons/Buttons.o
                0x08002c10                ProcessJoestick
 .text.KeysReset
                0x08002c80       0x40 ./Application/Buttons/Buttons.o
                0x08002c80                KeysReset
 .text.WriteMP3_PlayerAnimation
                0x08002cc0      0x3b8 ./Application/Display/Display.o
                0x08002cc0                WriteMP3_PlayerAnimation
 .text.FixFigures
                0x08003078       0x56 ./Application/Display/Display.o
                0x08003078                FixFigures
 *fill*         0x080030ce        0x2 
 .text.FixPixel
                0x080030d0       0x78 ./Application/Display/Display.o
                0x080030d0                FixPixel
 .text.GetFixedPixel
                0x08003148       0x48 ./Application/Display/Display.o
                0x08003148                GetFixedPixel
 .text.WriteFixedFigures
                0x08003190       0x56 ./Application/Display/Display.o
                0x08003190                WriteFixedFigures
 *fill*         0x080031e6        0x2 
 .text.RestartRound
                0x080031e8       0x94 ./Application/Display/Display.o
                0x080031e8                RestartRound
 .text.WriteTetrisMode
                0x0800327c      0x41c ./Application/Display/Display.o
                0x0800327c                WriteTetrisMode
 .text.WriteQueue
                0x08003698       0x64 ./Application/Display/Display.o
                0x08003698                WriteQueue
 .text.WriteScore
                0x080036fc      0x27c ./Application/Display/Display.o
                0x080036fc                WriteScore
 .text.WriteAdditionalMode
                0x08003978      0x970 ./Application/Display/Display.o
                0x08003978                WriteAdditionalMode
 .text.WriteRouser
                0x080042e8      0x48c ./Application/Display/Display.o
                0x080042e8                WriteRouser
 .text.WriteTimer
                0x08004774      0x538 ./Application/Display/Display.o
                0x08004774                WriteTimer
 .text.WriteTime
                0x08004cac       0xac ./Application/Display/Display.o
                0x08004cac                WriteTime
 .text.WriteTimeSmallFourDigits
                0x08004d58      0x488 ./Application/Display/Display.o
                0x08004d58                WriteTimeSmallFourDigits
 .text.WriteTimeBigFourDigits
                0x080051e0      0x348 ./Application/Display/Display.o
                0x080051e0                WriteTimeBigFourDigits
 .text.WriteTimeSmallSixDigitsTwoStrings
                0x08005528      0x3f8 ./Application/Display/Display.o
                0x08005528                WriteTimeSmallSixDigitsTwoStrings
 .text.WriteTimeSmallSixDigits
                0x08005920      0x398 ./Application/Display/Display.o
                0x08005920                WriteTimeSmallSixDigits
 .text.InitMax7219
                0x08005cb8      0x178 ./Application/MAX_7219_Driver/MAX_7219.o
                0x08005cb8                InitMax7219
 .text.ClearMax7219
                0x08005e30       0x34 ./Application/MAX_7219_Driver/MAX_7219.o
                0x08005e30                ClearMax7219
 .text.SetPixel
                0x08005e64       0x88 ./Application/MAX_7219_Driver/MAX_7219.o
                0x08005e64                SetPixel
 .text.GetPixel
                0x08005eec       0x48 ./Application/MAX_7219_Driver/MAX_7219.o
                0x08005eec                GetPixel
 .text.UpdateMax7219
                0x08005f34      0x164 ./Application/MAX_7219_Driver/MAX_7219.o
                0x08005f34                UpdateMax7219
 .text.DrowDigit
                0x08006098      0x1e0 ./Application/MAX_7219_Driver/MAX_7219.o
                0x08006098                DrowDigit
 .text.SetIntensivity
                0x08006278       0x64 ./Application/MAX_7219_Driver/MAX_7219.o
                0x08006278                SetIntensivity
 .text.CalcCrc  0x080062dc       0x46 ./Application/MP3_Player_TD5580/MP3_Player.o
                0x080062dc                CalcCrc
 *fill*         0x08006322        0x2 
 .text.SayTime  0x08006324       0x1c ./Application/MP3_Player_TD5580/MP3_Player.o
                0x08006324                SayTime
 .text.MP3_Task
                0x08006340      0x258 ./Application/MP3_Player_TD5580/MP3_Player.o
                0x08006340                MP3_Task
 .text.GenarateTrack
                0x08006598       0x1c ./Application/MP3_Player_TD5580/MP3_Player.o
                0x08006598                GenarateTrack
 .text.MP3_SetVolume
                0x080065b4       0x80 ./Application/MP3_Player_TD5580/MP3_Player.o
                0x080065b4                MP3_SetVolume
 .text.MP3_Pause
                0x08006634       0x88 ./Application/MP3_Player_TD5580/MP3_Player.o
                0x08006634                MP3_Pause
 .text.MP3_Play
                0x080066bc       0x88 ./Application/MP3_Player_TD5580/MP3_Player.o
                0x080066bc                MP3_Play
 .text.MP3_Stop
                0x08006744       0x7c ./Application/MP3_Player_TD5580/MP3_Player.o
                0x08006744                MP3_Stop
 .text.MP3_Reset
                0x080067c0       0x7c ./Application/MP3_Player_TD5580/MP3_Player.o
                0x080067c0                MP3_Reset
 .text.MP3_PlayTrack
                0x0800683c       0x94 ./Application/MP3_Player_TD5580/MP3_Player.o
                0x0800683c                MP3_PlayTrack
 .text.MPU6050_Init
                0x080068d0       0xae ./Application/MPU6050_Driver/mpu6050.o
                0x080068d0                MPU6050_Init
 *fill*         0x0800697e        0x2 
 .text.MPU6050_Read_All
                0x08006980      0x3b4 ./Application/MPU6050_Driver/mpu6050.o
                0x08006980                MPU6050_Read_All
 .text.Kalman_getAngle
                0x08006d34      0x2a6 ./Application/MPU6050_Driver/mpu6050.o
                0x08006d34                Kalman_getAngle
 .text.DS3231_Collect_data
                0x08006fda       0x64 ./Application/RTC_DS3231/RTC_DS3231_Driver.o
                0x08006fda                DS3231_Collect_data
 *fill*         0x0800703e        0x2 
 .text.DS3231_Init
                0x08007040       0x34 ./Application/RTC_DS3231/RTC_DS3231_Driver.o
                0x08007040                DS3231_Init
 .text.DS3231_SetRegByte
                0x08007074       0x3c ./Application/RTC_DS3231/RTC_DS3231_Driver.o
                0x08007074                DS3231_SetRegByte
 .text.DS3231_GetRegByte
                0x080070b0       0x44 ./Application/RTC_DS3231/RTC_DS3231_Driver.o
                0x080070b0                DS3231_GetRegByte
 .text.DS3231_SetInterruptMode
                0x080070f4       0x40 ./Application/RTC_DS3231/RTC_DS3231_Driver.o
                0x080070f4                DS3231_SetInterruptMode
 .text.DS3231_EnableAlarm2
                0x08007134       0x46 ./Application/RTC_DS3231/RTC_DS3231_Driver.o
                0x08007134                DS3231_EnableAlarm2
 .text.DS3231_ClearAlarm2Flag
                0x0800717a       0x2c ./Application/RTC_DS3231/RTC_DS3231_Driver.o
                0x0800717a                DS3231_ClearAlarm2Flag
 .text.DS3231_EnableAlarm1
                0x080071a6       0x44 ./Application/RTC_DS3231/RTC_DS3231_Driver.o
                0x080071a6                DS3231_EnableAlarm1
 .text.DS3231_ClearAlarm1Flag
                0x080071ea       0x2c ./Application/RTC_DS3231/RTC_DS3231_Driver.o
                0x080071ea                DS3231_ClearAlarm1Flag
 .text.DS3231_GetDayOfWeek
                0x08007216       0x18 ./Application/RTC_DS3231/RTC_DS3231_Driver.o
                0x08007216                DS3231_GetDayOfWeek
 .text.DS3231_GetDate
                0x0800722e       0x18 ./Application/RTC_DS3231/RTC_DS3231_Driver.o
                0x0800722e                DS3231_GetDate
 .text.DS3231_GetMonth
                0x08007246       0x1e ./Application/RTC_DS3231/RTC_DS3231_Driver.o
                0x08007246                DS3231_GetMonth
 .text.DS3231_GetYear
                0x08007264       0x50 ./Application/RTC_DS3231/RTC_DS3231_Driver.o
                0x08007264                DS3231_GetYear
 .text.DS3231_GetHour
                0x080072b4       0x18 ./Application/RTC_DS3231/RTC_DS3231_Driver.o
                0x080072b4                DS3231_GetHour
 .text.DS3231_GetMinute
                0x080072cc       0x18 ./Application/RTC_DS3231/RTC_DS3231_Driver.o
                0x080072cc                DS3231_GetMinute
 .text.DS3231_GetSecond
                0x080072e4       0x18 ./Application/RTC_DS3231/RTC_DS3231_Driver.o
                0x080072e4                DS3231_GetSecond
 .text.DS3231_SetHour
                0x080072fc       0x2a ./Application/RTC_DS3231/RTC_DS3231_Driver.o
                0x080072fc                DS3231_SetHour
 .text.DS3231_SetMinute
                0x08007326       0x24 ./Application/RTC_DS3231/RTC_DS3231_Driver.o
                0x08007326                DS3231_SetMinute
 .text.DS3231_SetSecond
                0x0800734a       0x24 ./Application/RTC_DS3231/RTC_DS3231_Driver.o
                0x0800734a                DS3231_SetSecond
 .text.DS3231_SetFullTime
                0x0800736e       0x32 ./Application/RTC_DS3231/RTC_DS3231_Driver.o
                0x0800736e                DS3231_SetFullTime
 .text.DS3231_DecodeBCD
                0x080073a0       0x30 ./Application/RTC_DS3231/RTC_DS3231_Driver.o
                0x080073a0                DS3231_DecodeBCD
 .text.DS3231_EncodeBCD
                0x080073d0       0x44 ./Application/RTC_DS3231/RTC_DS3231_Driver.o
                0x080073d0                DS3231_EncodeBCD
 .text.RestartGame
                0x08007414       0x4c ./Application/Tetris/Tetris.o
                0x08007414                RestartGame
 .text.StartGame
                0x08007460       0xbc ./Application/Tetris/Tetris.o
                0x08007460                StartGame
 .text.getSeed  0x0800751c       0x48 ./Application/Tetris/Tetris.o
                0x0800751c                getSeed
 .text.ClearLines
                0x08007564      0x244 ./Application/Tetris/Tetris.o
                0x08007564                ClearLines
 .text.drawFigure
                0x080077a8       0xe4 ./Application/Tetris/Tetris.o
                0x080077a8                drawFigure
 .text.checkArea
                0x0800788c      0x18c ./Application/Tetris/Tetris.o
                0x0800788c                checkArea
 .text.main     0x08007a18       0x26 ./Core/Src/main.o
                0x08007a18                main
 .text.SystemClock_Config
                0x08007a3e       0xa0 ./Core/Src/main.o
                0x08007a3e                SystemClock_Config
 *fill*         0x08007ade        0x2 
 .text.MX_ADC1_Init
                0x08007ae0       0x7c ./Core/Src/main.o
 .text.MX_I2C1_Init
                0x08007b5c       0x5c ./Core/Src/main.o
 .text.MX_SPI2_Init
                0x08007bb8       0x6c ./Core/Src/main.o
 .text.MX_USART1_UART_Init
                0x08007c24       0x54 ./Core/Src/main.o
 .text.MX_GPIO_Init
                0x08007c78      0x114 ./Core/Src/main.o
 .text.Error_Handler
                0x08007d8c        0xc ./Core/Src/main.o
                0x08007d8c                Error_Handler
 .text.HAL_MspInit
                0x08007d98       0x64 ./Core/Src/stm32f1xx_hal_msp.o
                0x08007d98                HAL_MspInit
 .text.HAL_ADC_MspInit
                0x08007dfc       0x88 ./Core/Src/stm32f1xx_hal_msp.o
                0x08007dfc                HAL_ADC_MspInit
 .text.HAL_I2C_MspInit
                0x08007e84       0x7c ./Core/Src/stm32f1xx_hal_msp.o
                0x08007e84                HAL_I2C_MspInit
 .text.HAL_SPI_MspInit
                0x08007f00       0x90 ./Core/Src/stm32f1xx_hal_msp.o
                0x08007f00                HAL_SPI_MspInit
 .text.HAL_UART_MspInit
                0x08007f90       0xa8 ./Core/Src/stm32f1xx_hal_msp.o
                0x08007f90                HAL_UART_MspInit
 .text.NMI_Handler
                0x08008038        0x8 ./Core/Src/stm32f1xx_it.o
                0x08008038                NMI_Handler
 .text.HardFault_Handler
                0x08008040        0x8 ./Core/Src/stm32f1xx_it.o
                0x08008040                HardFault_Handler
 .text.MemManage_Handler
                0x08008048        0x8 ./Core/Src/stm32f1xx_it.o
                0x08008048                MemManage_Handler
 .text.BusFault_Handler
                0x08008050        0x8 ./Core/Src/stm32f1xx_it.o
                0x08008050                BusFault_Handler
 .text.UsageFault_Handler
                0x08008058        0x8 ./Core/Src/stm32f1xx_it.o
                0x08008058                UsageFault_Handler
 .text.SVC_Handler
                0x08008060        0xc ./Core/Src/stm32f1xx_it.o
                0x08008060                SVC_Handler
 .text.DebugMon_Handler
                0x0800806c        0xc ./Core/Src/stm32f1xx_it.o
                0x0800806c                DebugMon_Handler
 .text.PendSV_Handler
                0x08008078        0xc ./Core/Src/stm32f1xx_it.o
                0x08008078                PendSV_Handler
 .text.SysTick_Handler
                0x08008084       0x1c ./Core/Src/stm32f1xx_it.o
                0x08008084                SysTick_Handler
 .text.ADC1_2_IRQHandler
                0x080080a0      0x100 ./Core/Src/stm32f1xx_it.o
                0x080080a0                ADC1_2_IRQHandler
 .text.SPI2_IRQHandler
                0x080081a0       0x14 ./Core/Src/stm32f1xx_it.o
                0x080081a0                SPI2_IRQHandler
 .text.USART1_IRQHandler
                0x080081b4       0x14 ./Core/Src/stm32f1xx_it.o
                0x080081b4                USART1_IRQHandler
 .text._getpid  0x080081c8        0xe ./Core/Src/syscalls.o
                0x080081c8                _getpid
 .text._kill    0x080081d6       0x20 ./Core/Src/syscalls.o
                0x080081d6                _kill
 .text._exit    0x080081f6       0x16 ./Core/Src/syscalls.o
                0x080081f6                _exit
 .text._read    0x0800820c       0x3a ./Core/Src/syscalls.o
                0x0800820c                _read
 .text._write   0x08008246       0x38 ./Core/Src/syscalls.o
                0x08008246                _write
 .text._close   0x0800827e       0x16 ./Core/Src/syscalls.o
                0x0800827e                _close
 .text._fstat   0x08008294       0x1e ./Core/Src/syscalls.o
                0x08008294                _fstat
 .text._isatty  0x080082b2       0x14 ./Core/Src/syscalls.o
                0x080082b2                _isatty
 .text._lseek   0x080082c6       0x18 ./Core/Src/syscalls.o
                0x080082c6                _lseek
 *fill*         0x080082de        0x2 
 .text._sbrk    0x080082e0       0x6c ./Core/Src/sysmem.o
                0x080082e0                _sbrk
 .text.SystemInit
                0x0800834c        0xc ./Core/Src/system_stm32f1xx.o
                0x0800834c                SystemInit
 .text.Reset_Handler
                0x08008358       0x48 ./Core/Startup/startup_stm32f103c8tx.o
                0x08008358                Reset_Handler
 .text.Default_Handler
                0x080083a0        0x2 ./Core/Startup/startup_stm32f103c8tx.o
                0x080083a0                RTC_Alarm_IRQHandler
                0x080083a0                EXTI2_IRQHandler
                0x080083a0                TIM1_CC_IRQHandler
                0x080083a0                PVD_IRQHandler
                0x080083a0                EXTI3_IRQHandler
                0x080083a0                EXTI0_IRQHandler
                0x080083a0                I2C2_EV_IRQHandler
                0x080083a0                SPI1_IRQHandler
                0x080083a0                TAMPER_IRQHandler
                0x080083a0                DMA1_Channel4_IRQHandler
                0x080083a0                USART3_IRQHandler
                0x080083a0                RTC_IRQHandler
                0x080083a0                DMA1_Channel7_IRQHandler
                0x080083a0                CAN1_RX1_IRQHandler
                0x080083a0                TIM4_IRQHandler
                0x080083a0                I2C1_EV_IRQHandler
                0x080083a0                DMA1_Channel6_IRQHandler
                0x080083a0                TIM3_IRQHandler
                0x080083a0                RCC_IRQHandler
                0x080083a0                TIM1_TRG_COM_IRQHandler
                0x080083a0                DMA1_Channel1_IRQHandler
                0x080083a0                Default_Handler
                0x080083a0                EXTI15_10_IRQHandler
                0x080083a0                EXTI9_5_IRQHandler
                0x080083a0                DMA1_Channel5_IRQHandler
                0x080083a0                EXTI4_IRQHandler
                0x080083a0                USB_LP_CAN1_RX0_IRQHandler
                0x080083a0                USB_HP_CAN1_TX_IRQHandler
                0x080083a0                DMA1_Channel3_IRQHandler
                0x080083a0                TIM1_UP_IRQHandler
                0x080083a0                WWDG_IRQHandler
                0x080083a0                TIM2_IRQHandler
                0x080083a0                TIM1_BRK_IRQHandler
                0x080083a0                EXTI1_IRQHandler
                0x080083a0                USART2_IRQHandler
                0x080083a0                I2C2_ER_IRQHandler
                0x080083a0                DMA1_Channel2_IRQHandler
                0x080083a0                CAN1_SCE_IRQHandler
                0x080083a0                FLASH_IRQHandler
                0x080083a0                I2C1_ER_IRQHandler
                0x080083a0                USBWakeUp_IRQHandler
 *fill*         0x080083a2        0x2 
 .text.HAL_Init
                0x080083a4       0x2c ./Drivers/STM32F1xx_HAL_Driver/Src/stm32f1xx_hal.o
                0x080083a4                HAL_Init
 .text.HAL_InitTick
                0x080083d0       0x60 ./Drivers/STM32F1xx_HAL_Driver/Src/stm32f1xx_hal.o
                0x080083d0                HAL_InitTick
 .text.HAL_IncTick
                0x08008430       0x24 ./Drivers/STM32F1xx_HAL_Driver/Src/stm32f1xx_hal.o
                0x08008430                HAL_IncTick
 .text.HAL_GetTick
                0x08008454       0x14 ./Drivers/STM32F1xx_HAL_Driver/Src/stm32f1xx_hal.o
                0x08008454                HAL_GetTick
 .text.HAL_Delay
                0x08008468       0x48 ./Drivers/STM32F1xx_HAL_Driver/Src/stm32f1xx_hal.o
                0x08008468                HAL_Delay
 .text.HAL_ADC_Init
                0x080084b0      0x1b0 ./Drivers/STM32F1xx_HAL_Driver/Src/stm32f1xx_hal_adc.o
                0x080084b0                HAL_ADC_Init
 .text.HAL_ADC_Start_IT
                0x08008660      0x16c ./Drivers/STM32F1xx_HAL_Driver/Src/stm32f1xx_hal_adc.o
                0x08008660                HAL_ADC_Start_IT
 .text.HAL_ADC_GetValue
                0x080087cc       0x18 ./Drivers/STM32F1xx_HAL_Driver/Src/stm32f1xx_hal_adc.o
                0x080087cc                HAL_ADC_GetValue
 .text.HAL_ADC_IRQHandler
                0x080087e4      0x17e ./Drivers/STM32F1xx_HAL_Driver/Src/stm32f1xx_hal_adc.o
                0x080087e4                HAL_ADC_IRQHandler
 .text.HAL_ADC_ConvCpltCallback
                0x08008962       0x12 ./Drivers/STM32F1xx_HAL_Driver/Src/stm32f1xx_hal_adc.o
                0x08008962                HAL_ADC_ConvCpltCallback
 .text.HAL_ADC_LevelOutOfWindowCallback
                0x08008974       0x12 ./Drivers/STM32F1xx_HAL_Driver/Src/stm32f1xx_hal_adc.o
                0x08008974                HAL_ADC_LevelOutOfWindowCallback
 *fill*         0x08008986        0x2 
 .text.HAL_ADC_ConfigChannel
                0x08008988      0x1f0 ./Drivers/STM32F1xx_HAL_Driver/Src/stm32f1xx_hal_adc.o
                0x08008988                HAL_ADC_ConfigChannel
 .text.ADC_Enable
                0x08008b78       0xb4 ./Drivers/STM32F1xx_HAL_Driver/Src/stm32f1xx_hal_adc.o
                0x08008b78                ADC_Enable
 .text.ADC_ConversionStop_Disable
                0x08008c2c       0x82 ./Drivers/STM32F1xx_HAL_Driver/Src/stm32f1xx_hal_adc.o
                0x08008c2c                ADC_ConversionStop_Disable
 .text.HAL_ADCEx_InjectedConvCpltCallback
                0x08008cae       0x12 ./Drivers/STM32F1xx_HAL_Driver/Src/stm32f1xx_hal_adc_ex.o
                0x08008cae                HAL_ADCEx_InjectedConvCpltCallback
 .text.__NVIC_SetPriorityGrouping
                0x08008cc0       0x48 ./Drivers/STM32F1xx_HAL_Driver/Src/stm32f1xx_hal_cortex.o
 .text.__NVIC_GetPriorityGrouping
                0x08008d08       0x1c ./Drivers/STM32F1xx_HAL_Driver/Src/stm32f1xx_hal_cortex.o
 .text.__NVIC_EnableIRQ
                0x08008d24       0x38 ./Drivers/STM32F1xx_HAL_Driver/Src/stm32f1xx_hal_cortex.o
 .text.__NVIC_SetPriority
                0x08008d5c       0x54 ./Drivers/STM32F1xx_HAL_Driver/Src/stm32f1xx_hal_cortex.o
 .text.NVIC_EncodePriority
                0x08008db0       0x64 ./Drivers/STM32F1xx_HAL_Driver/Src/stm32f1xx_hal_cortex.o
 .text.SysTick_Config
                0x08008e14       0x44 ./Drivers/STM32F1xx_HAL_Driver/Src/stm32f1xx_hal_cortex.o
 .text.HAL_NVIC_SetPriorityGrouping
                0x08008e58       0x16 ./Drivers/STM32F1xx_HAL_Driver/Src/stm32f1xx_hal_cortex.o
                0x08008e58                HAL_NVIC_SetPriorityGrouping
 .text.HAL_NVIC_SetPriority
                0x08008e6e       0x38 ./Drivers/STM32F1xx_HAL_Driver/Src/stm32f1xx_hal_cortex.o
                0x08008e6e                HAL_NVIC_SetPriority
 .text.HAL_NVIC_EnableIRQ
                0x08008ea6       0x1c ./Drivers/STM32F1xx_HAL_Driver/Src/stm32f1xx_hal_cortex.o
                0x08008ea6                HAL_NVIC_EnableIRQ
 .text.HAL_SYSTICK_Config
                0x08008ec2       0x18 ./Drivers/STM32F1xx_HAL_Driver/Src/stm32f1xx_hal_cortex.o
                0x08008ec2                HAL_SYSTICK_Config
 .text.HAL_DMA_Abort
                0x08008eda       0x76 ./Drivers/STM32F1xx_HAL_Driver/Src/stm32f1xx_hal_dma.o
                0x08008eda                HAL_DMA_Abort
 .text.HAL_DMA_Abort_IT
                0x08008f50       0xf0 ./Drivers/STM32F1xx_HAL_Driver/Src/stm32f1xx_hal_dma.o
                0x08008f50                HAL_DMA_Abort_IT
 .text.HAL_GPIO_Init
                0x08009040      0x308 ./Drivers/STM32F1xx_HAL_Driver/Src/stm32f1xx_hal_gpio.o
                0x08009040                HAL_GPIO_Init
 .text.HAL_GPIO_ReadPin
                0x08009348       0x2e ./Drivers/STM32F1xx_HAL_Driver/Src/stm32f1xx_hal_gpio.o
                0x08009348                HAL_GPIO_ReadPin
 .text.HAL_GPIO_WritePin
                0x08009376       0x30 ./Drivers/STM32F1xx_HAL_Driver/Src/stm32f1xx_hal_gpio.o
                0x08009376                HAL_GPIO_WritePin
 *fill*         0x080093a6        0x2 
 .text.HAL_I2C_Init
                0x080093a8      0x288 ./Drivers/STM32F1xx_HAL_Driver/Src/stm32f1xx_hal_i2c.o
                0x080093a8                HAL_I2C_Init
 .text.HAL_I2C_Master_Transmit
                0x08009630      0x1fc ./Drivers/STM32F1xx_HAL_Driver/Src/stm32f1xx_hal_i2c.o
                0x08009630                HAL_I2C_Master_Transmit
 .text.HAL_I2C_Master_Receive
                0x0800982c      0x4d8 ./Drivers/STM32F1xx_HAL_Driver/Src/stm32f1xx_hal_i2c.o
                0x0800982c                HAL_I2C_Master_Receive
 .text.HAL_I2C_Mem_Write
                0x08009d04      0x1f4 ./Drivers/STM32F1xx_HAL_Driver/Src/stm32f1xx_hal_i2c.o
                0x08009d04                HAL_I2C_Mem_Write
 .text.HAL_I2C_Mem_Read
                0x08009ef8      0x4e8 ./Drivers/STM32F1xx_HAL_Driver/Src/stm32f1xx_hal_i2c.o
                0x08009ef8                HAL_I2C_Mem_Read
 .text.I2C_MasterRequestWrite
                0x0800a3e0      0x104 ./Drivers/STM32F1xx_HAL_Driver/Src/stm32f1xx_hal_i2c.o
 .text.I2C_MasterRequestRead
                0x0800a4e4      0x19c ./Drivers/STM32F1xx_HAL_Driver/Src/stm32f1xx_hal_i2c.o
 .text.I2C_RequestMemoryWrite
                0x0800a680      0x12c ./Drivers/STM32F1xx_HAL_Driver/Src/stm32f1xx_hal_i2c.o
 .text.I2C_RequestMemoryRead
                0x0800a7ac      0x1d0 ./Drivers/STM32F1xx_HAL_Driver/Src/stm32f1xx_hal_i2c.o
 .text.I2C_WaitOnFlagUntilTimeout
                0x0800a97c       0xf4 ./Drivers/STM32F1xx_HAL_Driver/Src/stm32f1xx_hal_i2c.o
 .text.I2C_WaitOnMasterAddressFlagUntilTimeout
                0x0800aa70      0x140 ./Drivers/STM32F1xx_HAL_Driver/Src/stm32f1xx_hal_i2c.o
 .text.I2C_WaitOnTXEFlagUntilTimeout
                0x0800abb0       0x90 ./Drivers/STM32F1xx_HAL_Driver/Src/stm32f1xx_hal_i2c.o
 .text.I2C_WaitOnBTFFlagUntilTimeout
                0x0800ac40       0x90 ./Drivers/STM32F1xx_HAL_Driver/Src/stm32f1xx_hal_i2c.o
 .text.I2C_WaitOnRXNEFlagUntilTimeout
                0x0800acd0       0xba ./Drivers/STM32F1xx_HAL_Driver/Src/stm32f1xx_hal_i2c.o
 .text.I2C_IsAcknowledgeFailed
                0x0800ad8a       0x5c ./Drivers/STM32F1xx_HAL_Driver/Src/stm32f1xx_hal_i2c.o
 *fill*         0x0800ade6        0x2 
 .text.HAL_RCC_OscConfig
                0x0800ade8      0x504 ./Drivers/STM32F1xx_HAL_Driver/Src/stm32f1xx_hal_rcc.o
                0x0800ade8                HAL_RCC_OscConfig
 .text.HAL_RCC_ClockConfig
                0x0800b2ec      0x1d4 ./Drivers/STM32F1xx_HAL_Driver/Src/stm32f1xx_hal_rcc.o
                0x0800b2ec                HAL_RCC_ClockConfig
 .text.HAL_RCC_GetSysClockFreq
                0x0800b4c0       0xa8 ./Drivers/STM32F1xx_HAL_Driver/Src/stm32f1xx_hal_rcc.o
                0x0800b4c0                HAL_RCC_GetSysClockFreq
 .text.HAL_RCC_GetHCLKFreq
                0x0800b568       0x14 ./Drivers/STM32F1xx_HAL_Driver/Src/stm32f1xx_hal_rcc.o
                0x0800b568                HAL_RCC_GetHCLKFreq
 .text.HAL_RCC_GetPCLK1Freq
                0x0800b57c       0x28 ./Drivers/STM32F1xx_HAL_Driver/Src/stm32f1xx_hal_rcc.o
                0x0800b57c                HAL_RCC_GetPCLK1Freq
 .text.HAL_RCC_GetPCLK2Freq
                0x0800b5a4       0x28 ./Drivers/STM32F1xx_HAL_Driver/Src/stm32f1xx_hal_rcc.o
                0x0800b5a4                HAL_RCC_GetPCLK2Freq
 .text.RCC_Delay
                0x0800b5cc       0x3c ./Drivers/STM32F1xx_HAL_Driver/Src/stm32f1xx_hal_rcc.o
 .text.HAL_RCCEx_PeriphCLKConfig
                0x0800b608      0x16c ./Drivers/STM32F1xx_HAL_Driver/Src/stm32f1xx_hal_rcc_ex.o
                0x0800b608                HAL_RCCEx_PeriphCLKConfig
 .text.HAL_SPI_Init
                0x0800b774      0x108 ./Drivers/STM32F1xx_HAL_Driver/Src/stm32f1xx_hal_spi.o
                0x0800b774                HAL_SPI_Init
 .text.HAL_SPI_Transmit_IT
                0x0800b87c      0x108 ./Drivers/STM32F1xx_HAL_Driver/Src/stm32f1xx_hal_spi.o
                0x0800b87c                HAL_SPI_Transmit_IT
 .text.HAL_SPI_IRQHandler
                0x0800b984      0x1bc ./Drivers/STM32F1xx_HAL_Driver/Src/stm32f1xx_hal_spi.o
                0x0800b984                HAL_SPI_IRQHandler
 .text.HAL_SPI_ErrorCallback
                0x0800bb40       0x12 ./Drivers/STM32F1xx_HAL_Driver/Src/stm32f1xx_hal_spi.o
                0x0800bb40                HAL_SPI_ErrorCallback
 .text.SPI_DMAAbortOnError
                0x0800bb52       0x28 ./Drivers/STM32F1xx_HAL_Driver/Src/stm32f1xx_hal_spi.o
 .text.SPI_TxISR_8BIT
                0x0800bb7a       0x46 ./Drivers/STM32F1xx_HAL_Driver/Src/stm32f1xx_hal_spi.o
 .text.SPI_TxISR_16BIT
                0x0800bbc0       0x44 ./Drivers/STM32F1xx_HAL_Driver/Src/stm32f1xx_hal_spi.o
 .text.SPI_WaitFlagStateUntilTimeout
                0x0800bc04      0x110 ./Drivers/STM32F1xx_HAL_Driver/Src/stm32f1xx_hal_spi.o
 .text.SPI_EndRxTxTransaction
                0x0800bd14       0x62 ./Drivers/STM32F1xx_HAL_Driver/Src/stm32f1xx_hal_spi.o
 *fill*         0x0800bd76        0x2 
 .text.SPI_CloseTx_ISR
                0x0800bd78       0xc4 ./Drivers/STM32F1xx_HAL_Driver/Src/stm32f1xx_hal_spi.o
 .text.HAL_UART_Init
                0x0800be3c       0xa0 ./Drivers/STM32F1xx_HAL_Driver/Src/stm32f1xx_hal_uart.o
                0x0800be3c                HAL_UART_Init
 .text.HAL_UART_Transmit_IT
                0x0800bedc       0x6a ./Drivers/STM32F1xx_HAL_Driver/Src/stm32f1xx_hal_uart.o
                0x0800bedc                HAL_UART_Transmit_IT
 *fill*         0x0800bf46        0x2 
 .text.HAL_UART_IRQHandler
                0x0800bf48      0x524 ./Drivers/STM32F1xx_HAL_Driver/Src/stm32f1xx_hal_uart.o
                0x0800bf48                HAL_UART_IRQHandler
 .text.HAL_UART_RxCpltCallback
                0x0800c46c       0x12 ./Drivers/STM32F1xx_HAL_Driver/Src/stm32f1xx_hal_uart.o
                0x0800c46c                HAL_UART_RxCpltCallback
 .text.HAL_UART_ErrorCallback
                0x0800c47e       0x12 ./Drivers/STM32F1xx_HAL_Driver/Src/stm32f1xx_hal_uart.o
                0x0800c47e                HAL_UART_ErrorCallback
 .text.HAL_UARTEx_RxEventCallback
                0x0800c490       0x16 ./Drivers/STM32F1xx_HAL_Driver/Src/stm32f1xx_hal_uart.o
                0x0800c490                HAL_UARTEx_RxEventCallback
 .text.UART_EndRxTransfer
                0x0800c4a6       0xc4 ./Drivers/STM32F1xx_HAL_Driver/Src/stm32f1xx_hal_uart.o
 .text.UART_DMAAbortOnError
                0x0800c56a       0x28 ./Drivers/STM32F1xx_HAL_Driver/Src/stm32f1xx_hal_uart.o
 .text.UART_Transmit_IT
                0x0800c592       0x9e ./Drivers/STM32F1xx_HAL_Driver/Src/stm32f1xx_hal_uart.o
 .text.UART_EndTransmit_IT
                0x0800c630       0x30 ./Drivers/STM32F1xx_HAL_Driver/Src/stm32f1xx_hal_uart.o
 .text.UART_Receive_IT
                0x0800c660      0x17c ./Drivers/STM32F1xx_HAL_Driver/Src/stm32f1xx_hal_uart.o
 .text.UART_SetConfig
                0x0800c7dc      0x11c ./Drivers/STM32F1xx_HAL_Driver/Src/stm32f1xx_hal_uart.o
 .text.SPI_2_ClearBuffers
                0x0800c8f8       0x48 ./System/SPI/SPI.o
                0x0800c8f8                SPI_2_ClearBuffers
 .text.SPI_2_Transmit
                0x0800c940       0x54 ./System/SPI/SPI.o
                0x0800c940                SPI_2_Transmit
 .text.HAL_SPI_TxCpltCallback
                0x0800c994       0x30 ./System/SPI/SPI.o
                0x0800c994                HAL_SPI_TxCpltCallback
 .text.UART_1_ClearBuffers
                0x0800c9c4       0x44 ./System/UART/UART.o
                0x0800c9c4                UART_1_ClearBuffers
 .text.UART_1_Transmit
                0x0800ca08       0x44 ./System/UART/UART.o
                0x0800ca08                UART_1_Transmit
 .text.HAL_UART_TxCpltCallback
                0x0800ca4c       0x20 ./System/UART/UART.o
                0x0800ca4c                HAL_UART_TxCpltCallback
 .text.srand    0x0800ca6c       0x5c C:/Program Files/STM32CubeIDE_1.15.0/STM32CubeIDE/plugins/com.st.stm32cube.ide.mcu.externaltools.gnu-tools-for-stm32.12.3.rel1.win32_1.0.100.202403111256/tools/bin/../lib/gcc/arm-none-eabi/12.3.1/../../../../arm-none-eabi/lib/thumb/v7-m/nofp\libc_nano.a(libc_a-rand.o)
                0x0800ca6c                srand
 .text.rand     0x0800cac8       0x7c C:/Program Files/STM32CubeIDE_1.15.0/STM32CubeIDE/plugins/com.st.stm32cube.ide.mcu.externaltools.gnu-tools-for-stm32.12.3.rel1.win32_1.0.100.202403111256/tools/bin/../lib/gcc/arm-none-eabi/12.3.1/../../../../arm-none-eabi/lib/thumb/v7-m/nofp\libc_nano.a(libc_a-rand.o)
                0x0800cac8                rand
 .text.std      0x0800cb44       0x6c C:/Program Files/STM32CubeIDE_1.15.0/STM32CubeIDE/plugins/com.st.stm32cube.ide.mcu.externaltools.gnu-tools-for-stm32.12.3.rel1.win32_1.0.100.202403111256/tools/bin/../lib/gcc/arm-none-eabi/12.3.1/../../../../arm-none-eabi/lib/thumb/v7-m/nofp\libc_nano.a(libc_a-findfp.o)
 .text.stdio_exit_handler
                0x0800cbb0       0x18 C:/Program Files/STM32CubeIDE_1.15.0/STM32CubeIDE/plugins/com.st.stm32cube.ide.mcu.externaltools.gnu-tools-for-stm32.12.3.rel1.win32_1.0.100.202403111256/tools/bin/../lib/gcc/arm-none-eabi/12.3.1/../../../../arm-none-eabi/lib/thumb/v7-m/nofp\libc_nano.a(libc_a-findfp.o)
 .text.cleanup_stdio
                0x0800cbc8       0x40 C:/Program Files/STM32CubeIDE_1.15.0/STM32CubeIDE/plugins/com.st.stm32cube.ide.mcu.externaltools.gnu-tools-for-stm32.12.3.rel1.win32_1.0.100.202403111256/tools/bin/../lib/gcc/arm-none-eabi/12.3.1/../../../../arm-none-eabi/lib/thumb/v7-m/nofp\libc_nano.a(libc_a-findfp.o)
 .text.global_stdio_init.part.0
                0x0800cc08       0x3c C:/Program Files/STM32CubeIDE_1.15.0/STM32CubeIDE/plugins/com.st.stm32cube.ide.mcu.externaltools.gnu-tools-for-stm32.12.3.rel1.win32_1.0.100.202403111256/tools/bin/../lib/gcc/arm-none-eabi/12.3.1/../../../../arm-none-eabi/lib/thumb/v7-m/nofp\libc_nano.a(libc_a-findfp.o)
 .text.__sfp_lock_acquire
                0x0800cc44        0xc C:/Program Files/STM32CubeIDE_1.15.0/STM32CubeIDE/plugins/com.st.stm32cube.ide.mcu.externaltools.gnu-tools-for-stm32.12.3.rel1.win32_1.0.100.202403111256/tools/bin/../lib/gcc/arm-none-eabi/12.3.1/../../../../arm-none-eabi/lib/thumb/v7-m/nofp\libc_nano.a(libc_a-findfp.o)
                0x0800cc44                __sfp_lock_acquire
 .text.__sfp_lock_release
                0x0800cc50        0xc C:/Program Files/STM32CubeIDE_1.15.0/STM32CubeIDE/plugins/com.st.stm32cube.ide.mcu.externaltools.gnu-tools-for-stm32.12.3.rel1.win32_1.0.100.202403111256/tools/bin/../lib/gcc/arm-none-eabi/12.3.1/../../../../arm-none-eabi/lib/thumb/v7-m/nofp\libc_nano.a(libc_a-findfp.o)
                0x0800cc50                __sfp_lock_release
 .text.__sinit  0x0800cc5c       0x30 C:/Program Files/STM32CubeIDE_1.15.0/STM32CubeIDE/plugins/com.st.stm32cube.ide.mcu.externaltools.gnu-tools-for-stm32.12.3.rel1.win32_1.0.100.202403111256/tools/bin/../lib/gcc/arm-none-eabi/12.3.1/../../../../arm-none-eabi/lib/thumb/v7-m/nofp\libc_nano.a(libc_a-findfp.o)
                0x0800cc5c                __sinit
 .text._fwalk_sglue
                0x0800cc8c       0x3c C:/Program Files/STM32CubeIDE_1.15.0/STM32CubeIDE/plugins/com.st.stm32cube.ide.mcu.externaltools.gnu-tools-for-stm32.12.3.rel1.win32_1.0.100.202403111256/tools/bin/../lib/gcc/arm-none-eabi/12.3.1/../../../../arm-none-eabi/lib/thumb/v7-m/nofp\libc_nano.a(libc_a-fwalk.o)
                0x0800cc8c                _fwalk_sglue
 .text.__sread  0x0800ccc8       0x22 C:/Program Files/STM32CubeIDE_1.15.0/STM32CubeIDE/plugins/com.st.stm32cube.ide.mcu.externaltools.gnu-tools-for-stm32.12.3.rel1.win32_1.0.100.202403111256/tools/bin/../lib/gcc/arm-none-eabi/12.3.1/../../../../arm-none-eabi/lib/thumb/v7-m/nofp\libc_nano.a(libc_a-stdio.o)
                0x0800ccc8                __sread
 .text.__swrite
                0x0800ccea       0x38 C:/Program Files/STM32CubeIDE_1.15.0/STM32CubeIDE/plugins/com.st.stm32cube.ide.mcu.externaltools.gnu-tools-for-stm32.12.3.rel1.win32_1.0.100.202403111256/tools/bin/../lib/gcc/arm-none-eabi/12.3.1/../../../../arm-none-eabi/lib/thumb/v7-m/nofp\libc_nano.a(libc_a-stdio.o)
                0x0800ccea                __swrite
 .text.__sseek  0x0800cd22       0x24 C:/Program Files/STM32CubeIDE_1.15.0/STM32CubeIDE/plugins/com.st.stm32cube.ide.mcu.externaltools.gnu-tools-for-stm32.12.3.rel1.win32_1.0.100.202403111256/tools/bin/../lib/gcc/arm-none-eabi/12.3.1/../../../../arm-none-eabi/lib/thumb/v7-m/nofp\libc_nano.a(libc_a-stdio.o)
                0x0800cd22                __sseek
 .text.__sclose
                0x0800cd46        0x8 C:/Program Files/STM32CubeIDE_1.15.0/STM32CubeIDE/plugins/com.st.stm32cube.ide.mcu.externaltools.gnu-tools-for-stm32.12.3.rel1.win32_1.0.100.202403111256/tools/bin/../lib/gcc/arm-none-eabi/12.3.1/../../../../arm-none-eabi/lib/thumb/v7-m/nofp\libc_nano.a(libc_a-stdio.o)
                0x0800cd46                __sclose
 .text.memset   0x0800cd4e       0x10 C:/Program Files/STM32CubeIDE_1.15.0/STM32CubeIDE/plugins/com.st.stm32cube.ide.mcu.externaltools.gnu-tools-for-stm32.12.3.rel1.win32_1.0.100.202403111256/tools/bin/../lib/gcc/arm-none-eabi/12.3.1/../../../../arm-none-eabi/lib/thumb/v7-m/nofp\libc_nano.a(libc_a-memset.o)
                0x0800cd4e                memset
 *fill*         0x0800cd5e        0x2 
 .text._close_r
                0x0800cd60       0x20 C:/Program Files/STM32CubeIDE_1.15.0/STM32CubeIDE/plugins/com.st.stm32cube.ide.mcu.externaltools.gnu-tools-for-stm32.12.3.rel1.win32_1.0.100.202403111256/tools/bin/../lib/gcc/arm-none-eabi/12.3.1/../../../../arm-none-eabi/lib/thumb/v7-m/nofp\libc_nano.a(libc_a-closer.o)
                0x0800cd60                _close_r
 .text._lseek_r
                0x0800cd80       0x24 C:/Program Files/STM32CubeIDE_1.15.0/STM32CubeIDE/plugins/com.st.stm32cube.ide.mcu.externaltools.gnu-tools-for-stm32.12.3.rel1.win32_1.0.100.202403111256/tools/bin/../lib/gcc/arm-none-eabi/12.3.1/../../../../arm-none-eabi/lib/thumb/v7-m/nofp\libc_nano.a(libc_a-lseekr.o)
                0x0800cd80                _lseek_r
 .text._read_r  0x0800cda4       0x24 C:/Program Files/STM32CubeIDE_1.15.0/STM32CubeIDE/plugins/com.st.stm32cube.ide.mcu.externaltools.gnu-tools-for-stm32.12.3.rel1.win32_1.0.100.202403111256/tools/bin/../lib/gcc/arm-none-eabi/12.3.1/../../../../arm-none-eabi/lib/thumb/v7-m/nofp\libc_nano.a(libc_a-readr.o)
                0x0800cda4                _read_r
 .text._write_r
                0x0800cdc8       0x24 C:/Program Files/STM32CubeIDE_1.15.0/STM32CubeIDE/plugins/com.st.stm32cube.ide.mcu.externaltools.gnu-tools-for-stm32.12.3.rel1.win32_1.0.100.202403111256/tools/bin/../lib/gcc/arm-none-eabi/12.3.1/../../../../arm-none-eabi/lib/thumb/v7-m/nofp\libc_nano.a(libc_a-writer.o)
                0x0800cdc8                _write_r
 .text.__errno  0x0800cdec        0xc C:/Program Files/STM32CubeIDE_1.15.0/STM32CubeIDE/plugins/com.st.stm32cube.ide.mcu.externaltools.gnu-tools-for-stm32.12.3.rel1.win32_1.0.100.202403111256/tools/bin/../lib/gcc/arm-none-eabi/12.3.1/../../../../arm-none-eabi/lib/thumb/v7-m/nofp\libc_nano.a(libc_a-errno.o)
                0x0800cdec                __errno
 .text.__libc_init_array
                0x0800cdf8       0x48 C:/Program Files/STM32CubeIDE_1.15.0/STM32CubeIDE/plugins/com.st.stm32cube.ide.mcu.externaltools.gnu-tools-for-stm32.12.3.rel1.win32_1.0.100.202403111256/tools/bin/../lib/gcc/arm-none-eabi/12.3.1/../../../../arm-none-eabi/lib/thumb/v7-m/nofp\libc_nano.a(libc_a-init.o)
                0x0800cdf8                __libc_init_array
 .text.__retarget_lock_init_recursive
                0x0800ce40        0x2 C:/Program Files/STM32CubeIDE_1.15.0/STM32CubeIDE/plugins/com.st.stm32cube.ide.mcu.externaltools.gnu-tools-for-stm32.12.3.rel1.win32_1.0.100.202403111256/tools/bin/../lib/gcc/arm-none-eabi/12.3.1/../../../../arm-none-eabi/lib/thumb/v7-m/nofp\libc_nano.a(libc_a-lock.o)
                0x0800ce40                __retarget_lock_init_recursive
 .text.__retarget_lock_acquire_recursive
                0x0800ce42        0x2 C:/Program Files/STM32CubeIDE_1.15.0/STM32CubeIDE/plugins/com.st.stm32cube.ide.mcu.externaltools.gnu-tools-for-stm32.12.3.rel1.win32_1.0.100.202403111256/tools/bin/../lib/gcc/arm-none-eabi/12.3.1/../../../../arm-none-eabi/lib/thumb/v7-m/nofp\libc_nano.a(libc_a-lock.o)
                0x0800ce42                __retarget_lock_acquire_recursive
 .text.__retarget_lock_release_recursive
                0x0800ce44        0x2 C:/Program Files/STM32CubeIDE_1.15.0/STM32CubeIDE/plugins/com.st.stm32cube.ide.mcu.externaltools.gnu-tools-for-stm32.12.3.rel1.win32_1.0.100.202403111256/tools/bin/../lib/gcc/arm-none-eabi/12.3.1/../../../../arm-none-eabi/lib/thumb/v7-m/nofp\libc_nano.a(libc_a-lock.o)
                0x0800ce44                __retarget_lock_release_recursive
 *fill*         0x0800ce46        0x2 
 .text.__assert_func
                0x0800ce48       0x3c C:/Program Files/STM32CubeIDE_1.15.0/STM32CubeIDE/plugins/com.st.stm32cube.ide.mcu.externaltools.gnu-tools-for-stm32.12.3.rel1.win32_1.0.100.202403111256/tools/bin/../lib/gcc/arm-none-eabi/12.3.1/../../../../arm-none-eabi/lib/thumb/v7-m/nofp\libc_nano.a(libc_a-assert.o)
                0x0800ce48                __assert_func
 .text._free_r  0x0800ce84       0x90 C:/Program Files/STM32CubeIDE_1.15.0/STM32CubeIDE/plugins/com.st.stm32cube.ide.mcu.externaltools.gnu-tools-for-stm32.12.3.rel1.win32_1.0.100.202403111256/tools/bin/../lib/gcc/arm-none-eabi/12.3.1/../../../../arm-none-eabi/lib/thumb/v7-m/nofp\libc_nano.a(libc_a-freer.o)
                0x0800ce84                _free_r
 .text.malloc   0x0800cf14       0x10 C:/Program Files/STM32CubeIDE_1.15.0/STM32CubeIDE/plugins/com.st.stm32cube.ide.mcu.externaltools.gnu-tools-for-stm32.12.3.rel1.win32_1.0.100.202403111256/tools/bin/../lib/gcc/arm-none-eabi/12.3.1/../../../../arm-none-eabi/lib/thumb/v7-m/nofp\libc_nano.a(libc_a-malloc.o)
                0x0800cf14                malloc
 .text.sbrk_aligned
                0x0800cf24       0x44 C:/Program Files/STM32CubeIDE_1.15.0/STM32CubeIDE/plugins/com.st.stm32cube.ide.mcu.externaltools.gnu-tools-for-stm32.12.3.rel1.win32_1.0.100.202403111256/tools/bin/../lib/gcc/arm-none-eabi/12.3.1/../../../../arm-none-eabi/lib/thumb/v7-m/nofp\libc_nano.a(libc_a-mallocr.o)
 .text._malloc_r
                0x0800cf68      0x100 C:/Program Files/STM32CubeIDE_1.15.0/STM32CubeIDE/plugins/com.st.stm32cube.ide.mcu.externaltools.gnu-tools-for-stm32.12.3.rel1.win32_1.0.100.202403111256/tools/bin/../lib/gcc/arm-none-eabi/12.3.1/../../../../arm-none-eabi/lib/thumb/v7-m/nofp\libc_nano.a(libc_a-mallocr.o)
                0x0800cf68                _malloc_r
 .text.__malloc_lock
                0x0800d068        0xc C:/Program Files/STM32CubeIDE_1.15.0/STM32CubeIDE/plugins/com.st.stm32cube.ide.mcu.externaltools.gnu-tools-for-stm32.12.3.rel1.win32_1.0.100.202403111256/tools/bin/../lib/gcc/arm-none-eabi/12.3.1/../../../../arm-none-eabi/lib/thumb/v7-m/nofp\libc_nano.a(libc_a-mlock.o)
                0x0800d068                __malloc_lock
 .text.__malloc_unlock
                0x0800d074        0xc C:/Program Files/STM32CubeIDE_1.15.0/STM32CubeIDE/plugins/com.st.stm32cube.ide.mcu.externaltools.gnu-tools-for-stm32.12.3.rel1.win32_1.0.100.202403111256/tools/bin/../lib/gcc/arm-none-eabi/12.3.1/../../../../arm-none-eabi/lib/thumb/v7-m/nofp\libc_nano.a(libc_a-mlock.o)
                0x0800d074                __malloc_unlock
 .text.__sflush_r
                0x0800d080      0x100 C:/Program Files/STM32CubeIDE_1.15.0/STM32CubeIDE/plugins/com.st.stm32cube.ide.mcu.externaltools.gnu-tools-for-stm32.12.3.rel1.win32_1.0.100.202403111256/tools/bin/../lib/gcc/arm-none-eabi/12.3.1/../../../../arm-none-eabi/lib/thumb/v7-m/nofp\libc_nano.a(libc_a-fflush.o)
                0x0800d080                __sflush_r
 .text._fflush_r
                0x0800d180       0x50 C:/Program Files/STM32CubeIDE_1.15.0/STM32CubeIDE/plugins/com.st.stm32cube.ide.mcu.externaltools.gnu-tools-for-stm32.12.3.rel1.win32_1.0.100.202403111256/tools/bin/../lib/gcc/arm-none-eabi/12.3.1/../../../../arm-none-eabi/lib/thumb/v7-m/nofp\libc_nano.a(libc_a-fflush.o)
                0x0800d180                _fflush_r
 .text.fprintf  0x0800d1d0       0x24 C:/Program Files/STM32CubeIDE_1.15.0/STM32CubeIDE/plugins/com.st.stm32cube.ide.mcu.externaltools.gnu-tools-for-stm32.12.3.rel1.win32_1.0.100.202403111256/tools/bin/../lib/gcc/arm-none-eabi/12.3.1/../../../../arm-none-eabi/lib/thumb/v7-m/nofp\libc_nano.a(libc_a-fprintf.o)
                0x0800d1d0                fiprintf
                0x0800d1d0                fprintf
 .text._sbrk_r  0x0800d1f4       0x20 C:/Program Files/STM32CubeIDE_1.15.0/STM32CubeIDE/plugins/com.st.stm32cube.ide.mcu.externaltools.gnu-tools-for-stm32.12.3.rel1.win32_1.0.100.202403111256/tools/bin/../lib/gcc/arm-none-eabi/12.3.1/../../../../arm-none-eabi/lib/thumb/v7-m/nofp\libc_nano.a(libc_a-sbrkr.o)
                0x0800d1f4                _sbrk_r
 .text.abort    0x0800d214        0xe C:/Program Files/STM32CubeIDE_1.15.0/STM32CubeIDE/plugins/com.st.stm32cube.ide.mcu.externaltools.gnu-tools-for-stm32.12.3.rel1.win32_1.0.100.202403111256/tools/bin/../lib/gcc/arm-none-eabi/12.3.1/../../../../arm-none-eabi/lib/thumb/v7-m/nofp\libc_nano.a(libc_a-abort.o)
                0x0800d214                abort
 .text.__sfputc_r
                0x0800d222       0x2a C:/Program Files/STM32CubeIDE_1.15.0/STM32CubeIDE/plugins/com.st.stm32cube.ide.mcu.externaltools.gnu-tools-for-stm32.12.3.rel1.win32_1.0.100.202403111256/tools/bin/../lib/gcc/arm-none-eabi/12.3.1/../../../../arm-none-eabi/lib/thumb/v7-m/nofp\libc_nano.a(libc_a-nano-vfprintf.o)
 .text.__sfputs_r
                0x0800d24c       0x24 C:/Program Files/STM32CubeIDE_1.15.0/STM32CubeIDE/plugins/com.st.stm32cube.ide.mcu.externaltools.gnu-tools-for-stm32.12.3.rel1.win32_1.0.100.202403111256/tools/bin/../lib/gcc/arm-none-eabi/12.3.1/../../../../arm-none-eabi/lib/thumb/v7-m/nofp\libc_nano.a(libc_a-nano-vfprintf.o)
                0x0800d24c                __sfputs_r
 .text._vfprintf_r
                0x0800d270      0x230 C:/Program Files/STM32CubeIDE_1.15.0/STM32CubeIDE/plugins/com.st.stm32cube.ide.mcu.externaltools.gnu-tools-for-stm32.12.3.rel1.win32_1.0.100.202403111256/tools/bin/../lib/gcc/arm-none-eabi/12.3.1/../../../../arm-none-eabi/lib/thumb/v7-m/nofp\libc_nano.a(libc_a-nano-vfprintf.o)
                0x0800d270                _vfprintf_r
                0x0800d270                _vfiprintf_r
 .text._printf_common
                0x0800d4a0       0xe4 C:/Program Files/STM32CubeIDE_1.15.0/STM32CubeIDE/plugins/com.st.stm32cube.ide.mcu.externaltools.gnu-tools-for-stm32.12.3.rel1.win32_1.0.100.202403111256/tools/bin/../lib/gcc/arm-none-eabi/12.3.1/../../../../arm-none-eabi/lib/thumb/v7-m/nofp\libc_nano.a(libc_a-nano-vfprintf_i.o)
                0x0800d4a0                _printf_common
 .text._printf_i
                0x0800d584      0x240 C:/Program Files/STM32CubeIDE_1.15.0/STM32CubeIDE/plugins/com.st.stm32cube.ide.mcu.externaltools.gnu-tools-for-stm32.12.3.rel1.win32_1.0.100.202403111256/tools/bin/../lib/gcc/arm-none-eabi/12.3.1/../../../../arm-none-eabi/lib/thumb/v7-m/nofp\libc_nano.a(libc_a-nano-vfprintf_i.o)
                0x0800d584                _printf_i
 .text.__swbuf_r
                0x0800d7c4       0x7c C:/Program Files/STM32CubeIDE_1.15.0/STM32CubeIDE/plugins/com.st.stm32cube.ide.mcu.externaltools.gnu-tools-for-stm32.12.3.rel1.win32_1.0.100.202403111256/tools/bin/../lib/gcc/arm-none-eabi/12.3.1/../../../../arm-none-eabi/lib/thumb/v7-m/nofp\libc_nano.a(libc_a-wbuf.o)
                0x0800d7c4                __swbuf_r
 .text.__swsetup_r
                0x0800d840       0xac C:/Program Files/STM32CubeIDE_1.15.0/STM32CubeIDE/plugins/com.st.stm32cube.ide.mcu.externaltools.gnu-tools-for-stm32.12.3.rel1.win32_1.0.100.202403111256/tools/bin/../lib/gcc/arm-none-eabi/12.3.1/../../../../arm-none-eabi/lib/thumb/v7-m/nofp\libc_nano.a(libc_a-wsetup.o)
                0x0800d840                __swsetup_r
 .text._raise_r
                0x0800d8ec       0x50 C:/Program Files/STM32CubeIDE_1.15.0/STM32CubeIDE/plugins/com.st.stm32cube.ide.mcu.externaltools.gnu-tools-for-stm32.12.3.rel1.win32_1.0.100.202403111256/tools/bin/../lib/gcc/arm-none-eabi/12.3.1/../../../../arm-none-eabi/lib/thumb/v7-m/nofp\libc_nano.a(libc_a-signal.o)
                0x0800d8ec                _raise_r
 .text.raise    0x0800d93c       0x10 C:/Program Files/STM32CubeIDE_1.15.0/STM32CubeIDE/plugins/com.st.stm32cube.ide.mcu.externaltools.gnu-tools-for-stm32.12.3.rel1.win32_1.0.100.202403111256/tools/bin/../lib/gcc/arm-none-eabi/12.3.1/../../../../arm-none-eabi/lib/thumb/v7-m/nofp\libc_nano.a(libc_a-signal.o)
                0x0800d93c                raise
 .text._kill_r  0x0800d94c       0x24 C:/Program Files/STM32CubeIDE_1.15.0/STM32CubeIDE/plugins/com.st.stm32cube.ide.mcu.externaltools.gnu-tools-for-stm32.12.3.rel1.win32_1.0.100.202403111256/tools/bin/../lib/gcc/arm-none-eabi/12.3.1/../../../../arm-none-eabi/lib/thumb/v7-m/nofp\libc_nano.a(libc_a-signalr.o)
                0x0800d94c                _kill_r
 .text._getpid_r
                0x0800d970        0x4 C:/Program Files/STM32CubeIDE_1.15.0/STM32CubeIDE/plugins/com.st.stm32cube.ide.mcu.externaltools.gnu-tools-for-stm32.12.3.rel1.win32_1.0.100.202403111256/tools/bin/../lib/gcc/arm-none-eabi/12.3.1/../../../../arm-none-eabi/lib/thumb/v7-m/nofp\libc_nano.a(libc_a-signalr.o)
                0x0800d970                _getpid_r
 .text.memchr   0x0800d974       0x1c C:/Program Files/STM32CubeIDE_1.15.0/STM32CubeIDE/plugins/com.st.stm32cube.ide.mcu.externaltools.gnu-tools-for-stm32.12.3.rel1.win32_1.0.100.202403111256/tools/bin/../lib/gcc/arm-none-eabi/12.3.1/../../../../arm-none-eabi/lib/thumb/v7-m/nofp\libc_nano.a(libc_a-memchr-stub.o)
                0x0800d974                memchr
 .text.__swhatbuf_r
                0x0800d990       0x4a C:/Program Files/STM32CubeIDE_1.15.0/STM32CubeIDE/plugins/com.st.stm32cube.ide.mcu.externaltools.gnu-tools-for-stm32.12.3.rel1.win32_1.0.100.202403111256/tools/bin/../lib/gcc/arm-none-eabi/12.3.1/../../../../arm-none-eabi/lib/thumb/v7-m/nofp\libc_nano.a(libc_a-makebuf.o)
                0x0800d990                __swhatbuf_r
 .text.__smakebuf_r
                0x0800d9da       0x78 C:/Program Files/STM32CubeIDE_1.15.0/STM32CubeIDE/plugins/com.st.stm32cube.ide.mcu.externaltools.gnu-tools-for-stm32.12.3.rel1.win32_1.0.100.202403111256/tools/bin/../lib/gcc/arm-none-eabi/12.3.1/../../../../arm-none-eabi/lib/thumb/v7-m/nofp\libc_nano.a(libc_a-makebuf.o)
                0x0800d9da                __smakebuf_r
 *fill*         0x0800da52        0x2 
 .text._fstat_r
                0x0800da54       0x24 C:/Program Files/STM32CubeIDE_1.15.0/STM32CubeIDE/plugins/com.st.stm32cube.ide.mcu.externaltools.gnu-tools-for-stm32.12.3.rel1.win32_1.0.100.202403111256/tools/bin/../lib/gcc/arm-none-eabi/12.3.1/../../../../arm-none-eabi/lib/thumb/v7-m/nofp\libc_nano.a(libc_a-fstatr.o)
                0x0800da54                _fstat_r
 .text._isatty_r
                0x0800da78       0x20 C:/Program Files/STM32CubeIDE_1.15.0/STM32CubeIDE/plugins/com.st.stm32cube.ide.mcu.externaltools.gnu-tools-for-stm32.12.3.rel1.win32_1.0.100.202403111256/tools/bin/../lib/gcc/arm-none-eabi/12.3.1/../../../../arm-none-eabi/lib/thumb/v7-m/nofp\libc_nano.a(libc_a-isattyr.o)
                0x0800da78                _isatty_r
 .text.atan2    0x0800da98        0x4 C:/Program Files/STM32CubeIDE_1.15.0/STM32CubeIDE/plugins/com.st.stm32cube.ide.mcu.externaltools.gnu-tools-for-stm32.12.3.rel1.win32_1.0.100.202403111256/tools/bin/../lib/gcc/arm-none-eabi/12.3.1/../../../../arm-none-eabi/lib/thumb/v7-m/nofp\libm.a(libm_a-w_atan2.o)
                0x0800da98                atan2
 .text.sqrt     0x0800da9c       0x48 C:/Program Files/STM32CubeIDE_1.15.0/STM32CubeIDE/plugins/com.st.stm32cube.ide.mcu.externaltools.gnu-tools-for-stm32.12.3.rel1.win32_1.0.100.202403111256/tools/bin/../lib/gcc/arm-none-eabi/12.3.1/../../../../arm-none-eabi/lib/thumb/v7-m/nofp\libm.a(libm_a-w_sqrt.o)
                0x0800da9c                sqrt
 *fill*         0x0800dae4        0x4 
 .text.atan     0x0800dae8      0x320 C:/Program Files/STM32CubeIDE_1.15.0/STM32CubeIDE/plugins/com.st.stm32cube.ide.mcu.externaltools.gnu-tools-for-stm32.12.3.rel1.win32_1.0.100.202403111256/tools/bin/../lib/gcc/arm-none-eabi/12.3.1/../../../../arm-none-eabi/lib/thumb/v7-m/nofp\libm.a(libm_a-s_atan.o)
                0x0800dae8                atan
 .text.fabs     0x0800de08        0x8 C:/Program Files/STM32CubeIDE_1.15.0/STM32CubeIDE/plugins/com.st.stm32cube.ide.mcu.externaltools.gnu-tools-for-stm32.12.3.rel1.win32_1.0.100.202403111256/tools/bin/../lib/gcc/arm-none-eabi/12.3.1/../../../../arm-none-eabi/lib/thumb/v7-m/nofp\libm.a(libm_a-s_fabs.o)
                0x0800de08                fabs
 .text.__ieee754_sqrt
                0x0800de10      0x1ac C:/Program Files/STM32CubeIDE_1.15.0/STM32CubeIDE/plugins/com.st.stm32cube.ide.mcu.externaltools.gnu-tools-for-stm32.12.3.rel1.win32_1.0.100.202403111256/tools/bin/../lib/gcc/arm-none-eabi/12.3.1/../../../../arm-none-eabi/lib/thumb/v7-m/nofp\libm.a(libm_a-e_sqrt.o)
                0x0800de10                __ieee754_sqrt
 *fill*         0x0800dfbc        0x4 
 .text.__ieee754_atan2
                0x0800dfc0      0x1a4 C:/Program Files/STM32CubeIDE_1.15.0/STM32CubeIDE/plugins/com.st.stm32cube.ide.mcu.externaltools.gnu-tools-for-stm32.12.3.rel1.win32_1.0.100.202403111256/tools/bin/../lib/gcc/arm-none-eabi/12.3.1/../../../../arm-none-eabi/lib/thumb/v7-m/nofp\libm.a(libm_a-e_atan2.o)
                0x0800dfc0                __ieee754_atan2
 *(.glue_7)
 .glue_7        0x0800e164        0x0 linker stubs
 *(.glue_7t)
 .glue_7t       0x0800e164        0x0 linker stubs
 *(.eh_frame)
 .eh_frame      0x0800e164        0x0 C:/Program Files/STM32CubeIDE_1.15.0/STM32CubeIDE/plugins/com.st.stm32cube.ide.mcu.externaltools.gnu-tools-for-stm32.12.3.rel1.win32_1.0.100.202403111256/tools/bin/../lib/gcc/arm-none-eabi/12.3.1/thumb/v7-m/nofp/crtbegin.o
 *(.init)
 .init          0x0800e164        0x4 C:/Program Files/STM32CubeIDE_1.15.0/STM32CubeIDE/plugins/com.st.stm32cube.ide.mcu.externaltools.gnu-tools-for-stm32.12.3.rel1.win32_1.0.100.202403111256/tools/bin/../lib/gcc/arm-none-eabi/12.3.1/thumb/v7-m/nofp/crti.o
                0x0800e164                _init
 .init          0x0800e168        0x8 C:/Program Files/STM32CubeIDE_1.15.0/STM32CubeIDE/plugins/com.st.stm32cube.ide.mcu.externaltools.gnu-tools-for-stm32.12.3.rel1.win32_1.0.100.202403111256/tools/bin/../lib/gcc/arm-none-eabi/12.3.1/thumb/v7-m/nofp/crtn.o
 *(.fini)
 .fini          0x0800e170        0x4 C:/Program Files/STM32CubeIDE_1.15.0/STM32CubeIDE/plugins/com.st.stm32cube.ide.mcu.externaltools.gnu-tools-for-stm32.12.3.rel1.win32_1.0.100.202403111256/tools/bin/../lib/gcc/arm-none-eabi/12.3.1/thumb/v7-m/nofp/crti.o
                0x0800e170                _fini
 .fini          0x0800e174        0x8 C:/Program Files/STM32CubeIDE_1.15.0/STM32CubeIDE/plugins/com.st.stm32cube.ide.mcu.externaltools.gnu-tools-for-stm32.12.3.rel1.win32_1.0.100.202403111256/tools/bin/../lib/gcc/arm-none-eabi/12.3.1/thumb/v7-m/nofp/crtn.o
                0x0800e17c                        . = ALIGN (0x4)
                0x0800e17c                        _etext = .

.vfp11_veneer   0x0800e17c        0x0
 .vfp11_veneer  0x0800e17c        0x0 linker stubs

.v4_bx          0x0800e17c        0x0
 .v4_bx         0x0800e17c        0x0 linker stubs

.iplt           0x0800e17c        0x0
 .iplt          0x0800e17c        0x0 C:/Program Files/STM32CubeIDE_1.15.0/STM32CubeIDE/plugins/com.st.stm32cube.ide.mcu.externaltools.gnu-tools-for-stm32.12.3.rel1.win32_1.0.100.202403111256/tools/bin/../lib/gcc/arm-none-eabi/12.3.1/thumb/v7-m/nofp/crtbegin.o

.rodata         0x0800e180      0x360
                0x0800e180                        . = ALIGN (0x4)
 *(.rodata)
 *(.rodata*)
 .rodata.FontTable4x7
                0x0800e180       0x8c ./Application/MAX_7219_Driver/MAX_7219.o
                0x0800e180                FontTable4x7
 .rodata.FontTable5x7
                0x0800e20c       0x38 ./Application/MAX_7219_Driver/MAX_7219.o
                0x0800e20c                FontTable5x7
 .rodata.FontTable6x12
                0x0800e244       0x78 ./Application/MAX_7219_Driver/MAX_7219.o
                0x0800e244                FontTable6x12
 .rodata.figures
                0x0800e2bc       0xa8 ./Application/Tetris/Tetris.o
                0x0800e2bc                figures
 .rodata.AHBPrescTable
                0x0800e364       0x10 ./Core/Src/system_stm32f1xx.o
                0x0800e364                AHBPrescTable
 .rodata.APBPrescTable
                0x0800e374        0x8 ./Core/Src/system_stm32f1xx.o
                0x0800e374                APBPrescTable
 .rodata.aPLLMULFactorTable.1
                0x0800e37c       0x10 ./Drivers/STM32F1xx_HAL_Driver/Src/stm32f1xx_hal_rcc.o
 .rodata.aPredivFactorTable.0
                0x0800e38c        0x2 ./Drivers/STM32F1xx_HAL_Driver/Src/stm32f1xx_hal_rcc.o
 .rodata.srand.str1.1
                0x0800e38e       0x6f C:/Program Files/STM32CubeIDE_1.15.0/STM32CubeIDE/plugins/com.st.stm32cube.ide.mcu.externaltools.gnu-tools-for-stm32.12.3.rel1.win32_1.0.100.202403111256/tools/bin/../lib/gcc/arm-none-eabi/12.3.1/../../../../arm-none-eabi/lib/thumb/v7-m/nofp\libc_nano.a(libc_a-rand.o)
 .rodata.__assert_func.str1.1
                0x0800e3fd       0x3c C:/Program Files/STM32CubeIDE_1.15.0/STM32CubeIDE/plugins/com.st.stm32cube.ide.mcu.externaltools.gnu-tools-for-stm32.12.3.rel1.win32_1.0.100.202403111256/tools/bin/../lib/gcc/arm-none-eabi/12.3.1/../../../../arm-none-eabi/lib/thumb/v7-m/nofp\libc_nano.a(libc_a-assert.o)
                                 0x3d (size before relaxing)
 .rodata._vfprintf_r.str1.1
                0x0800e439       0x11 C:/Program Files/STM32CubeIDE_1.15.0/STM32CubeIDE/plugins/com.st.stm32cube.ide.mcu.externaltools.gnu-tools-for-stm32.12.3.rel1.win32_1.0.100.202403111256/tools/bin/../lib/gcc/arm-none-eabi/12.3.1/../../../../arm-none-eabi/lib/thumb/v7-m/nofp\libc_nano.a(libc_a-nano-vfprintf.o)
 .rodata._printf_i.str1.1
                0x0800e44a       0x22 C:/Program Files/STM32CubeIDE_1.15.0/STM32CubeIDE/plugins/com.st.stm32cube.ide.mcu.externaltools.gnu-tools-for-stm32.12.3.rel1.win32_1.0.100.202403111256/tools/bin/../lib/gcc/arm-none-eabi/12.3.1/../../../../arm-none-eabi/lib/thumb/v7-m/nofp\libc_nano.a(libc_a-nano-vfprintf_i.o)
 *fill*         0x0800e46c        0x4 
 .rodata.atanlo
                0x0800e470       0x20 C:/Program Files/STM32CubeIDE_1.15.0/STM32CubeIDE/plugins/com.st.stm32cube.ide.mcu.externaltools.gnu-tools-for-stm32.12.3.rel1.win32_1.0.100.202403111256/tools/bin/../lib/gcc/arm-none-eabi/12.3.1/../../../../arm-none-eabi/lib/thumb/v7-m/nofp\libm.a(libm_a-s_atan.o)
 .rodata.atanhi
                0x0800e490       0x20 C:/Program Files/STM32CubeIDE_1.15.0/STM32CubeIDE/plugins/com.st.stm32cube.ide.mcu.externaltools.gnu-tools-for-stm32.12.3.rel1.win32_1.0.100.202403111256/tools/bin/../lib/gcc/arm-none-eabi/12.3.1/../../../../arm-none-eabi/lib/thumb/v7-m/nofp\libm.a(libm_a-s_atan.o)
 .rodata.CSWTCH.9
                0x0800e4b0       0x18 C:/Program Files/STM32CubeIDE_1.15.0/STM32CubeIDE/plugins/com.st.stm32cube.ide.mcu.externaltools.gnu-tools-for-stm32.12.3.rel1.win32_1.0.100.202403111256/tools/bin/../lib/gcc/arm-none-eabi/12.3.1/../../../../arm-none-eabi/lib/thumb/v7-m/nofp\libm.a(libm_a-e_atan2.o)
 .rodata.CSWTCH.8
                0x0800e4c8       0x18 C:/Program Files/STM32CubeIDE_1.15.0/STM32CubeIDE/plugins/com.st.stm32cube.ide.mcu.externaltools.gnu-tools-for-stm32.12.3.rel1.win32_1.0.100.202403111256/tools/bin/../lib/gcc/arm-none-eabi/12.3.1/../../../../arm-none-eabi/lib/thumb/v7-m/nofp\libm.a(libm_a-e_atan2.o)
                0x0800e4e0                        . = ALIGN (0x4)

.ARM.extab      0x0800e4e0        0x0
                0x0800e4e0                        . = ALIGN (0x4)
 *(.ARM.extab* .gnu.linkonce.armextab.*)
                0x0800e4e0                        . = ALIGN (0x4)

.ARM            0x0800e4e0        0x0
                0x0800e4e0                        . = ALIGN (0x4)
                0x0800e4e0                        __exidx_start = .
 *(.ARM.exidx*)
                0x0800e4e0                        __exidx_end = .
                0x0800e4e0                        . = ALIGN (0x4)

.preinit_array  0x0800e4e0        0x0
                0x0800e4e0                        . = ALIGN (0x4)
                0x0800e4e0                        PROVIDE (__preinit_array_start = .)
 *(.preinit_array*)
                0x0800e4e0                        PROVIDE (__preinit_array_end = .)
                0x0800e4e0                        . = ALIGN (0x4)

.init_array     0x0800e4e0        0x4
                0x0800e4e0                        . = ALIGN (0x4)
                0x0800e4e0                        PROVIDE (__init_array_start = .)
 *(SORT_BY_NAME(.init_array.*))
 *(.init_array*)
 .init_array    0x0800e4e0        0x4 C:/Program Files/STM32CubeIDE_1.15.0/STM32CubeIDE/plugins/com.st.stm32cube.ide.mcu.externaltools.gnu-tools-for-stm32.12.3.rel1.win32_1.0.100.202403111256/tools/bin/../lib/gcc/arm-none-eabi/12.3.1/thumb/v7-m/nofp/crtbegin.o
                0x0800e4e4                        PROVIDE (__init_array_end = .)
                0x0800e4e4                        . = ALIGN (0x4)

.fini_array     0x0800e4e4        0x4
                0x0800e4e4                        . = ALIGN (0x4)
                [!provide]                        PROVIDE (__fini_array_start = .)
 *(SORT_BY_NAME(.fini_array.*))
 *(.fini_array*)
 .fini_array    0x0800e4e4        0x4 C:/Program Files/STM32CubeIDE_1.15.0/STM32CubeIDE/plugins/com.st.stm32cube.ide.mcu.externaltools.gnu-tools-for-stm32.12.3.rel1.win32_1.0.100.202403111256/tools/bin/../lib/gcc/arm-none-eabi/12.3.1/thumb/v7-m/nofp/crtbegin.o
                [!provide]                        PROVIDE (__fini_array_end = .)
                0x0800e4e8                        . = ALIGN (0x4)
                0x0800e4e8                        _sidata = LOADADDR (.data)

.rel.dyn        0x0800e4e8        0x0
 .rel.iplt      0x0800e4e8        0x0 C:/Program Files/STM32CubeIDE_1.15.0/STM32CubeIDE/plugins/com.st.stm32cube.ide.mcu.externaltools.gnu-tools-for-stm32.12.3.rel1.win32_1.0.100.202403111256/tools/bin/../lib/gcc/arm-none-eabi/12.3.1/thumb/v7-m/nofp/crtbegin.o

.data           0x20000000      0x110 load address 0x0800e4e8
                0x20000000                        . = ALIGN (0x4)
                0x20000000                        _sdata = .
 *(.data)
 *(.data*)
 .data.previusPosition
                0x20000000        0x2 ./Application/Display/Display.o
                0x20000000                previusPosition
 *fill*         0x20000002        0x6 
 .data.KalmanX  0x20000008       0x48 ./Application/MPU6050_Driver/mpu6050.o
                0x20000008                KalmanX
 .data.KalmanY  0x20000050       0x48 ./Application/MPU6050_Driver/mpu6050.o
                0x20000050                KalmanY
 .data.SystemCoreClock
                0x20000098        0x4 ./Core/Src/system_stm32f1xx.o
                0x20000098                SystemCoreClock
 .data.uwTickPrio
                0x2000009c        0x4 ./Drivers/STM32F1xx_HAL_Driver/Src/stm32f1xx_hal.o
                0x2000009c                uwTickPrio
 .data.uwTickFreq
                0x200000a0        0x1 ./Drivers/STM32F1xx_HAL_Driver/Src/stm32f1xx_hal.o
                0x200000a0                uwTickFreq
 *fill*         0x200000a1        0x3 
 .data.__sglue  0x200000a4        0xc C:/Program Files/STM32CubeIDE_1.15.0/STM32CubeIDE/plugins/com.st.stm32cube.ide.mcu.externaltools.gnu-tools-for-stm32.12.3.rel1.win32_1.0.100.202403111256/tools/bin/../lib/gcc/arm-none-eabi/12.3.1/../../../../arm-none-eabi/lib/thumb/v7-m/nofp\libc_nano.a(libc_a-findfp.o)
                0x200000a4                __sglue
 .data._impure_ptr
                0x200000b0        0x4 C:/Program Files/STM32CubeIDE_1.15.0/STM32CubeIDE/plugins/com.st.stm32cube.ide.mcu.externaltools.gnu-tools-for-stm32.12.3.rel1.win32_1.0.100.202403111256/tools/bin/../lib/gcc/arm-none-eabi/12.3.1/../../../../arm-none-eabi/lib/thumb/v7-m/nofp\libc_nano.a(libc_a-impure.o)
                0x200000b0                _impure_ptr
 .data._impure_data
                0x200000b4       0x4c C:/Program Files/STM32CubeIDE_1.15.0/STM32CubeIDE/plugins/com.st.stm32cube.ide.mcu.externaltools.gnu-tools-for-stm32.12.3.rel1.win32_1.0.100.202403111256/tools/bin/../lib/gcc/arm-none-eabi/12.3.1/../../../../arm-none-eabi/lib/thumb/v7-m/nofp\libc_nano.a(libc_a-impure.o)
                0x200000b4                _impure_data
 .data.tiny     0x20000100        0x8 C:/Program Files/STM32CubeIDE_1.15.0/STM32CubeIDE/plugins/com.st.stm32cube.ide.mcu.externaltools.gnu-tools-for-stm32.12.3.rel1.win32_1.0.100.202403111256/tools/bin/../lib/gcc/arm-none-eabi/12.3.1/../../../../arm-none-eabi/lib/thumb/v7-m/nofp\libm.a(libm_a-e_sqrt.o)
 .data.one      0x20000108        0x8 C:/Program Files/STM32CubeIDE_1.15.0/STM32CubeIDE/plugins/com.st.stm32cube.ide.mcu.externaltools.gnu-tools-for-stm32.12.3.rel1.win32_1.0.100.202403111256/tools/bin/../lib/gcc/arm-none-eabi/12.3.1/../../../../arm-none-eabi/lib/thumb/v7-m/nofp\libm.a(libm_a-e_sqrt.o)
 *(.RamFunc)
 *(.RamFunc*)
                0x20000110                        . = ALIGN (0x4)
                0x20000110                        _edata = .

.igot.plt       0x20000110        0x0 load address 0x0800e5f8
 .igot.plt      0x20000110        0x0 C:/Program Files/STM32CubeIDE_1.15.0/STM32CubeIDE/plugins/com.st.stm32cube.ide.mcu.externaltools.gnu-tools-for-stm32.12.3.rel1.win32_1.0.100.202403111256/tools/bin/../lib/gcc/arm-none-eabi/12.3.1/thumb/v7-m/nofp/crtbegin.o
                0x20000110                        . = ALIGN (0x4)

.bss            0x20000110      0x49c load address 0x0800e5f8
                0x20000110                        _sbss = .
                0x20000110                        __bss_start__ = _sbss
 *(.bss)
 .bss           0x20000110       0x1c C:/Program Files/STM32CubeIDE_1.15.0/STM32CubeIDE/plugins/com.st.stm32cube.ide.mcu.externaltools.gnu-tools-for-stm32.12.3.rel1.win32_1.0.100.202403111256/tools/bin/../lib/gcc/arm-none-eabi/12.3.1/thumb/v7-m/nofp/crtbegin.o
 *(.bss*)
 .bss.Timers    0x2000012c        0xc ./Application/App/Application.o
                0x2000012c                Timers
 .bss.Application
                0x20000138       0x38 ./Application/App/Application.o
                0x20000138                Application
 .bss.Buttons   0x20000170       0x30 ./Application/App/Application.o
                0x20000170                Buttons
 .bss.RTC_data  0x200001a0        0xa ./Application/App/Application.o
                0x200001a0                RTC_data
 *fill*         0x200001aa        0x6 
 .bss.MPU6050   0x200001b0       0x60 ./Application/App/Application.o
                0x200001b0                MPU6050
 .bss.MP3_Player
                0x20000210        0x8 ./Application/App/Application.o
                0x20000210                MP3_Player
 .bss.Joestick  0x20000218        0x6 ./Application/App/Application.o
                0x20000218                Joestick
 *fill*         0x2000021e        0x2 
 .bss.Light_Sensor
                0x20000220       0x1a ./Application/App/Application.o
                0x20000220                Light_Sensor
 .bss.prevTick.2
                0x2000023a        0x1 ./Application/App/Application.o
 .bss.prevIntensivity.1
                0x2000023b        0x1 ./Application/App/Application.o
 .bss.prevVolume.0
                0x2000023c        0x1 ./Application/App/Application.o
 *fill*         0x2000023d        0x3 
 .bss.queue     0x20000240        0x8 ./Application/Display/Display.o
                0x20000240                queue
 .bss.fixedFigures
                0x20000248       0x2e ./Application/Display/Display.o
                0x20000248                fixedFigures
 .bss.delay.4   0x20000276        0x1 ./Application/Display/Display.o
 .bss.currentDelay.3
                0x20000277        0x1 ./Application/Display/Display.o
 .bss.fastFall.2
                0x20000278        0x1 ./Application/Display/Display.o
 .bss.delay.1   0x20000279        0x1 ./Application/Display/Display.o
 .bss.steps.0   0x2000027a        0x1 ./Application/Display/Display.o
 *fill*         0x2000027b        0x1 
 .bss.Matrix    0x2000027c       0x40 ./Application/MAX_7219_Driver/MAX_7219.o
                0x2000027c                Matrix
 .bss.done.1    0x200002bc        0x1 ./Application/MP3_Player_TD5580/MP3_Player.o
 *fill*         0x200002bd        0x1 
 .bss.trackNumber.0
                0x200002be        0x2 ./Application/MP3_Player_TD5580/MP3_Player.o
 .bss.timer     0x200002c0        0x4 ./Application/MPU6050_Driver/mpu6050.o
                0x200002c0                timer
 .bss._ds3231_ui2c
                0x200002c4        0x4 ./Application/RTC_DS3231/RTC_DS3231_Driver.o
                0x200002c4                _ds3231_ui2c
 .bss.hadc1     0x200002c8       0x30 ./Core/Src/main.o
                0x200002c8                hadc1
 .bss.hi2c1     0x200002f8       0x54 ./Core/Src/main.o
                0x200002f8                hi2c1
 .bss.hspi2     0x2000034c       0x58 ./Core/Src/main.o
                0x2000034c                hspi2
 .bss.huart1    0x200003a4       0x48 ./Core/Src/main.o
                0x200003a4                huart1
 .bss.chanalIndex
                0x200003ec        0x1 ./Core/Src/stm32f1xx_it.o
 *fill*         0x200003ed        0x3 
 .bss.__sbrk_heap_end
                0x200003f0        0x4 ./Core/Src/sysmem.o
 .bss.uwTick    0x200003f4        0x4 ./Drivers/STM32F1xx_HAL_Driver/Src/stm32f1xx_hal.o
                0x200003f4                uwTick
 .bss.SPI_2     0x200003f8       0x42 ./System/SPI/SPI.o
                0x200003f8                SPI_2
 *fill*         0x2000043a        0x2 
 .bss.UART_1    0x2000043c       0x22 ./System/UART/UART.o
                0x2000043c                UART_1
 *fill*         0x2000045e        0x2 
 .bss.__sf      0x20000460      0x138 C:/Program Files/STM32CubeIDE_1.15.0/STM32CubeIDE/plugins/com.st.stm32cube.ide.mcu.externaltools.gnu-tools-for-stm32.12.3.rel1.win32_1.0.100.202403111256/tools/bin/../lib/gcc/arm-none-eabi/12.3.1/../../../../arm-none-eabi/lib/thumb/v7-m/nofp\libc_nano.a(libc_a-findfp.o)
                0x20000460                __sf
 .bss.__stdio_exit_handler
                0x20000598        0x4 C:/Program Files/STM32CubeIDE_1.15.0/STM32CubeIDE/plugins/com.st.stm32cube.ide.mcu.externaltools.gnu-tools-for-stm32.12.3.rel1.win32_1.0.100.202403111256/tools/bin/../lib/gcc/arm-none-eabi/12.3.1/../../../../arm-none-eabi/lib/thumb/v7-m/nofp\libc_nano.a(libc_a-findfp.o)
                0x20000598                __stdio_exit_handler
 .bss.errno     0x2000059c        0x4 C:/Program Files/STM32CubeIDE_1.15.0/STM32CubeIDE/plugins/com.st.stm32cube.ide.mcu.externaltools.gnu-tools-for-stm32.12.3.rel1.win32_1.0.100.202403111256/tools/bin/../lib/gcc/arm-none-eabi/12.3.1/../../../../arm-none-eabi/lib/thumb/v7-m/nofp\libc_nano.a(libc_a-reent.o)
                0x2000059c                errno
 .bss.__lock___malloc_recursive_mutex
                0x200005a0        0x1 C:/Program Files/STM32CubeIDE_1.15.0/STM32CubeIDE/plugins/com.st.stm32cube.ide.mcu.externaltools.gnu-tools-for-stm32.12.3.rel1.win32_1.0.100.202403111256/tools/bin/../lib/gcc/arm-none-eabi/12.3.1/../../../../arm-none-eabi/lib/thumb/v7-m/nofp\libc_nano.a(libc_a-lock.o)
                0x200005a0                __lock___malloc_recursive_mutex
 .bss.__lock___sfp_recursive_mutex
                0x200005a1        0x1 C:/Program Files/STM32CubeIDE_1.15.0/STM32CubeIDE/plugins/com.st.stm32cube.ide.mcu.externaltools.gnu-tools-for-stm32.12.3.rel1.win32_1.0.100.202403111256/tools/bin/../lib/gcc/arm-none-eabi/12.3.1/../../../../arm-none-eabi/lib/thumb/v7-m/nofp\libc_nano.a(libc_a-lock.o)
                0x200005a1                __lock___sfp_recursive_mutex
 *fill*         0x200005a2        0x2 
 .bss.__malloc_sbrk_start
                0x200005a4        0x4 C:/Program Files/STM32CubeIDE_1.15.0/STM32CubeIDE/plugins/com.st.stm32cube.ide.mcu.externaltools.gnu-tools-for-stm32.12.3.rel1.win32_1.0.100.202403111256/tools/bin/../lib/gcc/arm-none-eabi/12.3.1/../../../../arm-none-eabi/lib/thumb/v7-m/nofp\libc_nano.a(libc_a-mallocr.o)
                0x200005a4                __malloc_sbrk_start
 .bss.__malloc_free_list
                0x200005a8        0x4 C:/Program Files/STM32CubeIDE_1.15.0/STM32CubeIDE/plugins/com.st.stm32cube.ide.mcu.externaltools.gnu-tools-for-stm32.12.3.rel1.win32_1.0.100.202403111256/tools/bin/../lib/gcc/arm-none-eabi/12.3.1/../../../../arm-none-eabi/lib/thumb/v7-m/nofp\libc_nano.a(libc_a-mallocr.o)
                0x200005a8                __malloc_free_list
 *(COMMON)
                0x200005ac                        . = ALIGN (0x4)
                0x200005ac                        _ebss = .
                0x200005ac                        __bss_end__ = _ebss

._user_heap_stack
                0x200005ac      0x604 load address 0x0800e5f8
                0x200005b0                        . = ALIGN (0x8)
 *fill*         0x200005ac        0x4 
                [!provide]                        PROVIDE (end = .)
                0x200005b0                        PROVIDE (_end = .)
                0x200007b0                        . = (. + _Min_Heap_Size)
 *fill*         0x200005b0      0x200 
                0x20000bb0                        . = (. + _Min_Stack_Size)
 *fill*         0x200007b0      0x400 
                0x20000bb0                        . = ALIGN (0x8)

/DISCARD/
 libc.a(*)
 libm.a(*)
 libgcc.a(*)

.ARM.attributes
                0x00000000       0x29
 *(.ARM.attributes)
 .ARM.attributes
                0x00000000       0x1d C:/Program Files/STM32CubeIDE_1.15.0/STM32CubeIDE/plugins/com.st.stm32cube.ide.mcu.externaltools.gnu-tools-for-stm32.12.3.rel1.win32_1.0.100.202403111256/tools/bin/../lib/gcc/arm-none-eabi/12.3.1/thumb/v7-m/nofp/crti.o
 .ARM.attributes
                0x0000001d       0x2d C:/Program Files/STM32CubeIDE_1.15.0/STM32CubeIDE/plugins/com.st.stm32cube.ide.mcu.externaltools.gnu-tools-for-stm32.12.3.rel1.win32_1.0.100.202403111256/tools/bin/../lib/gcc/arm-none-eabi/12.3.1/thumb/v7-m/nofp/crtbegin.o
 .ARM.attributes
                0x0000004a       0x2d ./Application/App/Application.o
 .ARM.attributes
                0x00000077       0x2d ./Application/Buttons/Buttons.o
 .ARM.attributes
                0x000000a4       0x2d ./Application/Display/Display.o
 .ARM.attributes
                0x000000d1       0x2d ./Application/MAX_7219_Driver/MAX_7219.o
 .ARM.attributes
                0x000000fe       0x2d ./Application/MP3_Player_TD5580/MP3_Player.o
 .ARM.attributes
                0x0000012b       0x2d ./Application/MPU6050_Driver/mpu6050.o
 .ARM.attributes
                0x00000158       0x2d ./Application/RTC_DS3231/RTC_DS3231_Driver.o
 .ARM.attributes
                0x00000185       0x2d ./Application/Tetris/Tetris.o
 .ARM.attributes
                0x000001b2       0x2d ./Core/Src/main.o
 .ARM.attributes
                0x000001df       0x2d ./Core/Src/stm32f1xx_hal_msp.o
 .ARM.attributes
                0x0000020c       0x2d ./Core/Src/stm32f1xx_it.o
 .ARM.attributes
                0x00000239       0x2d ./Core/Src/syscalls.o
 .ARM.attributes
                0x00000266       0x2d ./Core/Src/sysmem.o
 .ARM.attributes
                0x00000293       0x2d ./Core/Src/system_stm32f1xx.o
 .ARM.attributes
                0x000002c0       0x21 ./Core/Startup/startup_stm32f103c8tx.o
 .ARM.attributes
                0x000002e1       0x2d ./Drivers/STM32F1xx_HAL_Driver/Src/stm32f1xx_hal.o
 .ARM.attributes
                0x0000030e       0x2d ./Drivers/STM32F1xx_HAL_Driver/Src/stm32f1xx_hal_adc.o
 .ARM.attributes
                0x0000033b       0x2d ./Drivers/STM32F1xx_HAL_Driver/Src/stm32f1xx_hal_adc_ex.o
 .ARM.attributes
                0x00000368       0x2d ./Drivers/STM32F1xx_HAL_Driver/Src/stm32f1xx_hal_cortex.o
 .ARM.attributes
                0x00000395       0x2d ./Drivers/STM32F1xx_HAL_Driver/Src/stm32f1xx_hal_dma.o
 .ARM.attributes
                0x000003c2       0x2d ./Drivers/STM32F1xx_HAL_Driver/Src/stm32f1xx_hal_gpio.o
 .ARM.attributes
                0x000003ef       0x2d ./Drivers/STM32F1xx_HAL_Driver/Src/stm32f1xx_hal_i2c.o
 .ARM.attributes
                0x0000041c       0x2d ./Drivers/STM32F1xx_HAL_Driver/Src/stm32f1xx_hal_rcc.o
 .ARM.attributes
                0x00000449       0x2d ./Drivers/STM32F1xx_HAL_Driver/Src/stm32f1xx_hal_rcc_ex.o
 .ARM.attributes
                0x00000476       0x2d ./Drivers/STM32F1xx_HAL_Driver/Src/stm32f1xx_hal_spi.o
 .ARM.attributes
                0x000004a3       0x2d ./Drivers/STM32F1xx_HAL_Driver/Src/stm32f1xx_hal_uart.o
 .ARM.attributes
                0x000004d0       0x2d ./System/SPI/SPI.o
 .ARM.attributes
                0x000004fd       0x2d ./System/UART/UART.o
 .ARM.attributes
                0x0000052a       0x2d C:/Program Files/STM32CubeIDE_1.15.0/STM32CubeIDE/plugins/com.st.stm32cube.ide.mcu.externaltools.gnu-tools-for-stm32.12.3.rel1.win32_1.0.100.202403111256/tools/bin/../lib/gcc/arm-none-eabi/12.3.1/../../../../arm-none-eabi/lib/thumb/v7-m/nofp\libc_nano.a(libc_a-rand.o)
 .ARM.attributes
                0x00000557       0x2d C:/Program Files/STM32CubeIDE_1.15.0/STM32CubeIDE/plugins/com.st.stm32cube.ide.mcu.externaltools.gnu-tools-for-stm32.12.3.rel1.win32_1.0.100.202403111256/tools/bin/../lib/gcc/arm-none-eabi/12.3.1/../../../../arm-none-eabi/lib/thumb/v7-m/nofp\libc_nano.a(libc_a-findfp.o)
 .ARM.attributes
                0x00000584       0x2d C:/Program Files/STM32CubeIDE_1.15.0/STM32CubeIDE/plugins/com.st.stm32cube.ide.mcu.externaltools.gnu-tools-for-stm32.12.3.rel1.win32_1.0.100.202403111256/tools/bin/../lib/gcc/arm-none-eabi/12.3.1/../../../../arm-none-eabi/lib/thumb/v7-m/nofp\libc_nano.a(libc_a-fwalk.o)
 .ARM.attributes